Nov  2 15:48:45 cis106vm kernel: [    0.000000] Linux version 5.15.0-52-generic (buildd@lcy02-amd64-032) (gcc (Ubuntu 11.2.0-19ubuntu1) 11.2.0, GNU ld (GNU Binutils for Ubuntu) 2.38) #58-Ubuntu SMP Thu Oct 13 08:03:55 UTC 2022 (Ubuntu 5.15.0-52.58-generic 5.15.60)
Nov  2 15:48:45 cis106vm kernel: [    0.000000] Command line: BOOT_IMAGE=/boot/vmlinuz-5.15.0-52-generic root=UUID=943a573c-8d17-4f3b-8c29-96dbbaf38e3c ro quiet splash
Nov  2 15:48:45 cis106vm kernel: [    0.000000] KERNEL supported cpus:
Nov  2 15:48:45 cis106vm kernel: [    0.000000]   Intel GenuineIntel
Nov  2 15:48:45 cis106vm kernel: [    0.000000]   AMD AuthenticAMD
Nov  2 15:48:45 cis106vm kernel: [    0.000000]   Hygon HygonGenuine
Nov  2 15:48:45 cis106vm kernel: [    0.000000]   Centaur CentaurHauls
Nov  2 15:48:45 cis106vm kernel: [    0.000000]   zhaoxin   Shanghai  
Nov  2 15:48:45 cis106vm kernel: [    0.000000] x86/fpu: Supporting XSAVE feature 0x001: 'x87 floating point registers'
Nov  2 15:48:45 cis106vm kernel: [    0.000000] x86/fpu: Supporting XSAVE feature 0x002: 'SSE registers'
Nov  2 15:48:45 cis106vm kernel: [    0.000000] x86/fpu: Supporting XSAVE feature 0x004: 'AVX registers'
Nov  2 15:48:45 cis106vm kernel: [    0.000000] x86/fpu: xstate_offset[2]:  576, xstate_sizes[2]:  256
Nov  2 15:48:45 cis106vm kernel: [    0.000000] x86/fpu: Enabled xstate features 0x7, context size is 832 bytes, using 'standard' format.
Nov  2 15:48:45 cis106vm kernel: [    0.000000] signal: max sigframe size: 1776
Nov  2 15:48:45 cis106vm kernel: [    0.000000] BIOS-provided physical RAM map:
Nov  2 15:48:45 cis106vm kernel: [    0.000000] BIOS-e820: [mem 0x0000000000000000-0x000000000009fbff] usable
Nov  2 15:48:45 cis106vm kernel: [    0.000000] BIOS-e820: [mem 0x000000000009fc00-0x000000000009ffff] reserved
Nov  2 15:48:45 cis106vm kernel: [    0.000000] BIOS-e820: [mem 0x00000000000f0000-0x00000000000fffff] reserved
Nov  2 15:48:45 cis106vm kernel: [    0.000000] BIOS-e820: [mem 0x0000000000100000-0x000000007ffeffff] usable
Nov  2 15:48:45 cis106vm kernel: [    0.000000] BIOS-e820: [mem 0x000000007fff0000-0x000000007fffffff] ACPI data
Nov  2 15:48:45 cis106vm kernel: [    0.000000] BIOS-e820: [mem 0x00000000fec00000-0x00000000fec00fff] reserved
Nov  2 15:48:45 cis106vm kernel: [    0.000000] BIOS-e820: [mem 0x00000000fee00000-0x00000000fee00fff] reserved
Nov  2 15:48:45 cis106vm kernel: [    0.000000] BIOS-e820: [mem 0x00000000fffc0000-0x00000000ffffffff] reserved
Nov  2 15:48:45 cis106vm kernel: [    0.000000] NX (Execute Disable) protection: active
Nov  2 15:48:45 cis106vm kernel: [    0.000000] SMBIOS 2.5 present.
Nov  2 15:48:45 cis106vm kernel: [    0.000000] DMI: innotek GmbH VirtualBox/VirtualBox, BIOS VirtualBox 12/01/2006
Nov  2 15:48:45 cis106vm kernel: [    0.000000] Hypervisor detected: KVM
Nov  2 15:48:45 cis106vm kernel: [    0.000000] kvm-clock: Using msrs 4b564d01 and 4b564d00
Nov  2 15:48:45 cis106vm kernel: [    0.000000] kvm-clock: cpu 0, msr 41a01001, primary cpu clock
Nov  2 15:48:45 cis106vm kernel: [    0.000002] kvm-clock: using sched offset of 4486017412 cycles
Nov  2 15:48:45 cis106vm kernel: [    0.000004] clocksource: kvm-clock: mask: 0xffffffffffffffff max_cycles: 0x1cd42e4dffb, max_idle_ns: 881590591483 ns
Nov  2 15:48:45 cis106vm kernel: [    0.000007] tsc: Detected 1497.598 MHz processor
Nov  2 15:48:45 cis106vm kernel: [    0.001029] e820: update [mem 0x00000000-0x00000fff] usable ==> reserved
Nov  2 15:48:45 cis106vm kernel: [    0.001034] e820: remove [mem 0x000a0000-0x000fffff] usable
Nov  2 15:48:45 cis106vm kernel: [    0.001040] last_pfn = 0x7fff0 max_arch_pfn = 0x400000000
Nov  2 15:48:45 cis106vm kernel: [    0.001083] Disabled
Nov  2 15:48:45 cis106vm kernel: [    0.001084] x86/PAT: MTRRs disabled, skipping PAT initialization too.
Nov  2 15:48:45 cis106vm kernel: [    0.001087] CPU MTRRs all blank - virtualized system.
Nov  2 15:48:45 cis106vm kernel: [    0.001090] x86/PAT: Configuration [0-7]: WB  WT  UC- UC  WB  WT  UC- UC  
Nov  2 15:48:45 cis106vm kernel: [    0.001159] found SMP MP-table at [mem 0x0009fff0-0x0009ffff]
Nov  2 15:48:45 cis106vm kernel: [    0.001341] RAMDISK: [mem 0x3072b000-0x3438cfff]
Nov  2 15:48:45 cis106vm kernel: [    0.001349] ACPI: Early table checksum verification disabled
Nov  2 15:48:45 cis106vm kernel: [    0.001373] ACPI: RSDP 0x00000000000E0000 000024 (v02 VBOX  )
Nov  2 15:48:45 cis106vm kernel: [    0.001406] ACPI: XSDT 0x000000007FFF0030 00003C (v01 VBOX   VBOXXSDT 00000001 ASL  00000061)
Nov  2 15:48:45 cis106vm kernel: [    0.001439] ACPI: FACP 0x000000007FFF00F0 0000F4 (v04 VBOX   VBOXFACP 00000001 ASL  00000061)
Nov  2 15:48:45 cis106vm kernel: [    0.001445] ACPI: DSDT 0x000000007FFF0470 002325 (v02 VBOX   VBOXBIOS 00000002 INTL 20100528)
Nov  2 15:48:45 cis106vm kernel: [    0.001476] ACPI: FACS 0x000000007FFF0200 000040
Nov  2 15:48:45 cis106vm kernel: [    0.001479] ACPI: FACS 0x000000007FFF0200 000040
Nov  2 15:48:45 cis106vm kernel: [    0.001481] ACPI: APIC 0x000000007FFF0240 00005C (v02 VBOX   VBOXAPIC 00000001 ASL  00000061)
Nov  2 15:48:45 cis106vm kernel: [    0.001485] ACPI: SSDT 0x000000007FFF02A0 0001CC (v01 VBOX   VBOXCPUT 00000002 INTL 20100528)
Nov  2 15:48:45 cis106vm kernel: [    0.001487] ACPI: Reserving FACP table memory at [mem 0x7fff00f0-0x7fff01e3]
Nov  2 15:48:45 cis106vm kernel: [    0.001488] ACPI: Reserving DSDT table memory at [mem 0x7fff0470-0x7fff2794]
Nov  2 15:48:45 cis106vm kernel: [    0.001489] ACPI: Reserving FACS table memory at [mem 0x7fff0200-0x7fff023f]
Nov  2 15:48:45 cis106vm kernel: [    0.001490] ACPI: Reserving FACS table memory at [mem 0x7fff0200-0x7fff023f]
Nov  2 15:48:45 cis106vm kernel: [    0.001491] ACPI: Reserving APIC table memory at [mem 0x7fff0240-0x7fff029b]
Nov  2 15:48:45 cis106vm kernel: [    0.001491] ACPI: Reserving SSDT table memory at [mem 0x7fff02a0-0x7fff046b]
Nov  2 15:48:45 cis106vm kernel: [    0.001736] No NUMA configuration found
Nov  2 15:48:45 cis106vm kernel: [    0.001737] Faking a node at [mem 0x0000000000000000-0x000000007ffeffff]
Nov  2 15:48:45 cis106vm kernel: [    0.001743] NODE_DATA(0) allocated [mem 0x7ffc6000-0x7ffeffff]
Nov  2 15:48:45 cis106vm kernel: [    0.001959] Zone ranges:
Nov  2 15:48:45 cis106vm kernel: [    0.001960]   DMA      [mem 0x0000000000001000-0x0000000000ffffff]
Nov  2 15:48:45 cis106vm kernel: [    0.001961]   DMA32    [mem 0x0000000001000000-0x000000007ffeffff]
Nov  2 15:48:45 cis106vm kernel: [    0.001963]   Normal   empty
Nov  2 15:48:45 cis106vm kernel: [    0.001964]   Device   empty
Nov  2 15:48:45 cis106vm kernel: [    0.001965] Movable zone start for each node
Nov  2 15:48:45 cis106vm kernel: [    0.001966] Early memory node ranges
Nov  2 15:48:45 cis106vm kernel: [    0.001966]   node   0: [mem 0x0000000000001000-0x000000000009efff]
Nov  2 15:48:45 cis106vm kernel: [    0.001968]   node   0: [mem 0x0000000000100000-0x000000007ffeffff]
Nov  2 15:48:45 cis106vm kernel: [    0.001969] Initmem setup node 0 [mem 0x0000000000001000-0x000000007ffeffff]
Nov  2 15:48:45 cis106vm kernel: [    0.001972] On node 0, zone DMA: 1 pages in unavailable ranges
Nov  2 15:48:45 cis106vm kernel: [    0.001996] On node 0, zone DMA: 97 pages in unavailable ranges
Nov  2 15:48:45 cis106vm kernel: [    0.006035] On node 0, zone DMA32: 16 pages in unavailable ranges
Nov  2 15:48:45 cis106vm kernel: [    0.006344] ACPI: PM-Timer IO Port: 0x4008
Nov  2 15:48:45 cis106vm kernel: [    0.006391] IOAPIC[0]: apic_id 2, version 32, address 0xfec00000, GSI 0-23
Nov  2 15:48:45 cis106vm kernel: [    0.006394] ACPI: INT_SRC_OVR (bus 0 bus_irq 0 global_irq 2 dfl dfl)
Nov  2 15:48:45 cis106vm kernel: [    0.006396] ACPI: INT_SRC_OVR (bus 0 bus_irq 9 global_irq 9 low level)
Nov  2 15:48:45 cis106vm kernel: [    0.006400] ACPI: Using ACPI (MADT) for SMP configuration information
Nov  2 15:48:45 cis106vm kernel: [    0.006405] smpboot: Allowing 2 CPUs, 0 hotplug CPUs
Nov  2 15:48:45 cis106vm kernel: [    0.006421] PM: hibernation: Registered nosave memory: [mem 0x00000000-0x00000fff]
Nov  2 15:48:45 cis106vm kernel: [    0.006422] PM: hibernation: Registered nosave memory: [mem 0x0009f000-0x0009ffff]
Nov  2 15:48:45 cis106vm kernel: [    0.006423] PM: hibernation: Registered nosave memory: [mem 0x000a0000-0x000effff]
Nov  2 15:48:45 cis106vm kernel: [    0.006424] PM: hibernation: Registered nosave memory: [mem 0x000f0000-0x000fffff]
Nov  2 15:48:45 cis106vm kernel: [    0.006425] [mem 0x80000000-0xfebfffff] available for PCI devices
Nov  2 15:48:45 cis106vm kernel: [    0.006426] Booting paravirtualized kernel on KVM
Nov  2 15:48:45 cis106vm kernel: [    0.006428] clocksource: refined-jiffies: mask: 0xffffffff max_cycles: 0xffffffff, max_idle_ns: 7645519600211568 ns
Nov  2 15:48:45 cis106vm kernel: [    0.006432] setup_percpu: NR_CPUS:8192 nr_cpumask_bits:2 nr_cpu_ids:2 nr_node_ids:1
Nov  2 15:48:45 cis106vm kernel: [    0.006575] percpu: Embedded 60 pages/cpu s208896 r8192 d28672 u1048576
Nov  2 15:48:45 cis106vm kernel: [    0.006580] pcpu-alloc: s208896 r8192 d28672 u1048576 alloc=1*2097152
Nov  2 15:48:45 cis106vm kernel: [    0.006582] pcpu-alloc: [0] 0 1 
Nov  2 15:48:45 cis106vm kernel: [    0.006598] kvm-guest: PV spinlocks enabled
Nov  2 15:48:45 cis106vm kernel: [    0.006600] PV qspinlock hash table entries: 256 (order: 0, 4096 bytes, linear)
Nov  2 15:48:45 cis106vm kernel: [    0.006607] Built 1 zonelists, mobility grouping on.  Total pages: 515824
Nov  2 15:48:45 cis106vm kernel: [    0.006609] Policy zone: DMA32
Nov  2 15:48:45 cis106vm kernel: [    0.006610] Kernel command line: BOOT_IMAGE=/boot/vmlinuz-5.15.0-52-generic root=UUID=943a573c-8d17-4f3b-8c29-96dbbaf38e3c ro quiet splash
Nov  2 15:48:45 cis106vm kernel: [    0.006705] Unknown kernel command line parameters "splash BOOT_IMAGE=/boot/vmlinuz-5.15.0-52-generic", will be passed to user space.
Nov  2 15:48:45 cis106vm kernel: [    0.007030] Dentry cache hash table entries: 262144 (order: 9, 2097152 bytes, linear)
Nov  2 15:48:45 cis106vm kernel: [    0.007083] Inode-cache hash table entries: 131072 (order: 8, 1048576 bytes, linear)
Nov  2 15:48:45 cis106vm kernel: [    0.007129] mem auto-init: stack:off, heap alloc:on, heap free:off
Nov  2 15:48:45 cis106vm kernel: [    0.012281] Memory: 1952304K/2096696K available (16393K kernel code, 4378K rwdata, 10812K rodata, 3228K init, 6572K bss, 144132K reserved, 0K cma-reserved)
Nov  2 15:48:45 cis106vm kernel: [    0.013009] SLUB: HWalign=64, Order=0-3, MinObjects=0, CPUs=2, Nodes=1
Nov  2 15:48:45 cis106vm kernel: [    0.013029] ftrace: allocating 50499 entries in 198 pages
Nov  2 15:48:45 cis106vm kernel: [    0.039938] ftrace: allocated 198 pages with 4 groups
Nov  2 15:48:45 cis106vm kernel: [    0.040052] rcu: Hierarchical RCU implementation.
Nov  2 15:48:45 cis106vm kernel: [    0.040054] rcu: 	RCU restricting CPUs from NR_CPUS=8192 to nr_cpu_ids=2.
Nov  2 15:48:45 cis106vm kernel: [    0.040055] 	Rude variant of Tasks RCU enabled.
Nov  2 15:48:45 cis106vm kernel: [    0.040055] 	Tracing variant of Tasks RCU enabled.
Nov  2 15:48:45 cis106vm kernel: [    0.040056] rcu: RCU calculated value of scheduler-enlistment delay is 25 jiffies.
Nov  2 15:48:45 cis106vm kernel: [    0.040057] rcu: Adjusting geometry for rcu_fanout_leaf=16, nr_cpu_ids=2
Nov  2 15:48:45 cis106vm kernel: [    0.043561] NR_IRQS: 524544, nr_irqs: 440, preallocated irqs: 16
Nov  2 15:48:45 cis106vm kernel: [    0.043753] random: crng init done
Nov  2 15:48:45 cis106vm kernel: [    0.053049] Console: colour VGA+ 80x25
Nov  2 15:48:45 cis106vm kernel: [    0.053059] printk: console [tty0] enabled
Nov  2 15:48:45 cis106vm kernel: [    0.053084] ACPI: Core revision 20210730
Nov  2 15:48:45 cis106vm kernel: [    0.053210] APIC: Switch to symmetric I/O mode setup
Nov  2 15:48:45 cis106vm kernel: [    0.053411] x2apic enabled
Nov  2 15:48:45 cis106vm kernel: [    0.053648] Switched APIC routing to physical x2apic.
Nov  2 15:48:45 cis106vm kernel: [    0.054563] ..TIMER: vector=0x30 apic1=0 pin1=2 apic2=-1 pin2=-1
Nov  2 15:48:45 cis106vm kernel: [    0.054644] clocksource: tsc-early: mask: 0xffffffffffffffff max_cycles: 0x159645923e7, max_idle_ns: 440795241955 ns
Nov  2 15:48:45 cis106vm kernel: [    0.054653] Calibrating delay loop (skipped) preset value.. 2995.19 BogoMIPS (lpj=5990392)
Nov  2 15:48:45 cis106vm kernel: [    0.054656] pid_max: default: 32768 minimum: 301
Nov  2 15:48:45 cis106vm kernel: [    0.054700] LSM: Security Framework initializing
Nov  2 15:48:45 cis106vm kernel: [    0.054720] landlock: Up and running.
Nov  2 15:48:45 cis106vm kernel: [    0.054721] Yama: becoming mindful.
Nov  2 15:48:45 cis106vm kernel: [    0.054743] AppArmor: AppArmor initialized
Nov  2 15:48:45 cis106vm kernel: [    0.054770] Mount-cache hash table entries: 4096 (order: 3, 32768 bytes, linear)
Nov  2 15:48:45 cis106vm kernel: [    0.054774] Mountpoint-cache hash table entries: 4096 (order: 3, 32768 bytes, linear)
Nov  2 15:48:45 cis106vm kernel: [    0.055057] Last level iTLB entries: 4KB 0, 2MB 0, 4MB 0
Nov  2 15:48:45 cis106vm kernel: [    0.055058] Last level dTLB entries: 4KB 0, 2MB 0, 4MB 0, 1GB 0
Nov  2 15:48:45 cis106vm kernel: [    0.055063] Spectre V1 : Mitigation: usercopy/swapgs barriers and __user pointer sanitization
Nov  2 15:48:45 cis106vm kernel: [    0.055065] Spectre V2 : Mitigation: Retpolines
Nov  2 15:48:45 cis106vm kernel: [    0.055065] Spectre V2 : Spectre v2 / SpectreRSB mitigation: Filling RSB on context switch
Nov  2 15:48:45 cis106vm kernel: [    0.055066] Spectre V2 : Spectre v2 / SpectreRSB : Filling RSB on VMEXIT
Nov  2 15:48:45 cis106vm kernel: [    0.055066] RETBleed: WARNING: Spectre v2 mitigation leaves CPU vulnerable to RETBleed attacks, data leaks possible!
Nov  2 15:48:45 cis106vm kernel: [    0.055343] RETBleed: Vulnerable
Nov  2 15:48:45 cis106vm kernel: [    0.055344] Speculative Store Bypass: Vulnerable
Nov  2 15:48:45 cis106vm kernel: [    0.055348] MMIO Stale Data: Vulnerable: Clear CPU buffers attempted, no microcode
Nov  2 15:48:45 cis106vm kernel: [    0.055350] SRBDS: Unknown: Dependent on hypervisor status
Nov  2 15:48:45 cis106vm kernel: [    0.072995] Freeing SMP alternatives memory: 40K
Nov  2 15:48:45 cis106vm kernel: [    0.181334] smpboot: CPU0: Intel(R) Core(TM) i7-1065G7 CPU @ 1.30GHz (family: 0x6, model: 0x7e, stepping: 0x5)
Nov  2 15:48:45 cis106vm kernel: [    0.181763] Performance Events: unsupported p6 CPU model 126 no PMU driver, software events only.
Nov  2 15:48:45 cis106vm kernel: [    0.181830] rcu: Hierarchical SRCU implementation.
Nov  2 15:48:45 cis106vm kernel: [    0.182341] NMI watchdog: Perf NMI watchdog permanently disabled
Nov  2 15:48:45 cis106vm kernel: [    0.182442] smp: Bringing up secondary CPUs ...
Nov  2 15:48:45 cis106vm kernel: [    0.182624] x86: Booting SMP configuration:
Nov  2 15:48:45 cis106vm kernel: [    0.182625] .... node  #0, CPUs:      #1
Nov  2 15:48:45 cis106vm kernel: [    0.014906] kvm-clock: cpu 1, msr 41a01041, secondary cpu clock
Nov  2 15:48:45 cis106vm kernel: [    0.182648] smp: Brought up 1 node, 2 CPUs
Nov  2 15:48:45 cis106vm kernel: [    0.182648] smpboot: Max logical packages: 1
Nov  2 15:48:45 cis106vm kernel: [    0.182648] smpboot: Total of 2 processors activated (5990.39 BogoMIPS)
Nov  2 15:48:45 cis106vm kernel: [    0.182806] devtmpfs: initialized
Nov  2 15:48:45 cis106vm kernel: [    0.182806] x86/mm: Memory block size: 128MB
Nov  2 15:48:45 cis106vm kernel: [    0.182908] clocksource: jiffies: mask: 0xffffffff max_cycles: 0xffffffff, max_idle_ns: 7645041785100000 ns
Nov  2 15:48:45 cis106vm kernel: [    0.182908] futex hash table entries: 512 (order: 3, 32768 bytes, linear)
Nov  2 15:48:45 cis106vm kernel: [    0.182908] pinctrl core: initialized pinctrl subsystem
Nov  2 15:48:45 cis106vm kernel: [    0.182908] PM: RTC time: 19:48:33, date: 2022-11-02
Nov  2 15:48:45 cis106vm kernel: [    0.182941] NET: Registered PF_NETLINK/PF_ROUTE protocol family
Nov  2 15:48:45 cis106vm kernel: [    0.183006] DMA: preallocated 256 KiB GFP_KERNEL pool for atomic allocations
Nov  2 15:48:45 cis106vm kernel: [    0.183022] DMA: preallocated 256 KiB GFP_KERNEL|GFP_DMA pool for atomic allocations
Nov  2 15:48:45 cis106vm kernel: [    0.183036] DMA: preallocated 256 KiB GFP_KERNEL|GFP_DMA32 pool for atomic allocations
Nov  2 15:48:45 cis106vm kernel: [    0.183043] audit: initializing netlink subsys (disabled)
Nov  2 15:48:45 cis106vm kernel: [    0.183064] audit: type=2000 audit(1667418289.894:1): state=initialized audit_enabled=0 res=1
Nov  2 15:48:45 cis106vm kernel: [    0.183064] thermal_sys: Registered thermal governor 'fair_share'
Nov  2 15:48:45 cis106vm kernel: [    0.183064] thermal_sys: Registered thermal governor 'bang_bang'
Nov  2 15:48:45 cis106vm kernel: [    0.183064] thermal_sys: Registered thermal governor 'step_wise'
Nov  2 15:48:45 cis106vm kernel: [    0.183064] thermal_sys: Registered thermal governor 'user_space'
Nov  2 15:48:45 cis106vm kernel: [    0.183064] thermal_sys: Registered thermal governor 'power_allocator'
Nov  2 15:48:45 cis106vm kernel: [    0.183064] EISA bus registered
Nov  2 15:48:45 cis106vm kernel: [    0.183064] cpuidle: using governor ladder
Nov  2 15:48:45 cis106vm kernel: [    0.183064] cpuidle: using governor menu
Nov  2 15:48:45 cis106vm kernel: [    0.183064] ACPI: bus type PCI registered
Nov  2 15:48:45 cis106vm kernel: [    0.183064] acpiphp: ACPI Hot Plug PCI Controller Driver version: 0.5
Nov  2 15:48:45 cis106vm kernel: [    0.183064] PCI: Using configuration type 1 for base access
Nov  2 15:48:45 cis106vm kernel: [    0.183887] Kprobes globally optimized
Nov  2 15:48:45 cis106vm kernel: [    0.183907] HugeTLB registered 2.00 MiB page size, pre-allocated 0 pages
Nov  2 15:48:45 cis106vm kernel: [    0.186728] ACPI: Added _OSI(Module Device)
Nov  2 15:48:45 cis106vm kernel: [    0.186728] ACPI: Added _OSI(Processor Device)
Nov  2 15:48:45 cis106vm kernel: [    0.186728] ACPI: Added _OSI(3.0 _SCP Extensions)
Nov  2 15:48:45 cis106vm kernel: [    0.186728] ACPI: Added _OSI(Processor Aggregator Device)
Nov  2 15:48:45 cis106vm kernel: [    0.186728] ACPI: Added _OSI(Linux-Dell-Video)
Nov  2 15:48:45 cis106vm kernel: [    0.186728] ACPI: Added _OSI(Linux-Lenovo-NV-HDMI-Audio)
Nov  2 15:48:45 cis106vm kernel: [    0.186728] ACPI: Added _OSI(Linux-HPI-Hybrid-Graphics)
Nov  2 15:48:45 cis106vm kernel: [    0.188273] ACPI: 2 ACPI AML tables successfully acquired and loaded
Nov  2 15:48:45 cis106vm kernel: [    0.191568] ACPI: Interpreter enabled
Nov  2 15:48:45 cis106vm kernel: [    0.191576] ACPI: PM: (supports S0 S5)
Nov  2 15:48:45 cis106vm kernel: [    0.191577] ACPI: Using IOAPIC for interrupt routing
Nov  2 15:48:45 cis106vm kernel: [    0.191737] PCI: Using host bridge windows from ACPI; if necessary, use "pci=nocrs" and report a bug
Nov  2 15:48:45 cis106vm kernel: [    0.191738] PCI: Using E820 reservations for host bridge windows
Nov  2 15:48:45 cis106vm kernel: [    0.191951] ACPI: Enabled 2 GPEs in block 00 to 07
Nov  2 15:48:45 cis106vm kernel: [    0.196726] ACPI: PCI Root Bridge [PCI0] (domain 0000 [bus 00-ff])
Nov  2 15:48:45 cis106vm kernel: [    0.196732] acpi PNP0A03:00: _OSC: OS supports [ASPM ClockPM Segments MSI EDR HPX-Type3]
Nov  2 15:48:45 cis106vm kernel: [    0.197095] acpi PNP0A03:00: _OSC: not requesting OS control; OS requires [ExtendedConfig ASPM ClockPM MSI]
Nov  2 15:48:45 cis106vm kernel: [    0.197102] acpi PNP0A03:00: fail to add MMCONFIG information, can't access extended PCI configuration space under this bridge.
Nov  2 15:48:45 cis106vm kernel: [    0.197371] PCI host bridge to bus 0000:00
Nov  2 15:48:45 cis106vm kernel: [    0.197373] pci_bus 0000:00: root bus resource [bus 00-ff]
Nov  2 15:48:45 cis106vm kernel: [    0.197375] pci_bus 0000:00: root bus resource [io  0x0000-0x0cf7 window]
Nov  2 15:48:45 cis106vm kernel: [    0.197376] pci_bus 0000:00: root bus resource [io  0x0d00-0xffff window]
Nov  2 15:48:45 cis106vm kernel: [    0.197377] pci_bus 0000:00: root bus resource [mem 0x000a0000-0x000bffff window]
Nov  2 15:48:45 cis106vm kernel: [    0.197378] pci_bus 0000:00: root bus resource [mem 0x80000000-0xfdffffff window]
Nov  2 15:48:45 cis106vm kernel: [    0.197659] pci 0000:00:00.0: [8086:1237] type 00 class 0x060000
Nov  2 15:48:45 cis106vm kernel: [    0.198389] pci 0000:00:01.0: [8086:7000] type 00 class 0x060100
Nov  2 15:48:45 cis106vm kernel: [    0.198767] pci 0000:00:01.1: [8086:7111] type 00 class 0x01018a
Nov  2 15:48:45 cis106vm kernel: [    0.199024] pci 0000:00:01.1: reg 0x20: [io  0xd000-0xd00f]
Nov  2 15:48:45 cis106vm kernel: [    0.199130] pci 0000:00:01.1: legacy IDE quirk: reg 0x10: [io  0x01f0-0x01f7]
Nov  2 15:48:45 cis106vm kernel: [    0.199132] pci 0000:00:01.1: legacy IDE quirk: reg 0x14: [io  0x03f6]
Nov  2 15:48:45 cis106vm kernel: [    0.199132] pci 0000:00:01.1: legacy IDE quirk: reg 0x18: [io  0x0170-0x0177]
Nov  2 15:48:45 cis106vm kernel: [    0.199133] pci 0000:00:01.1: legacy IDE quirk: reg 0x1c: [io  0x0376]
Nov  2 15:48:45 cis106vm kernel: [    0.200070] pci 0000:00:02.0: [15ad:0405] type 00 class 0x030000
Nov  2 15:48:45 cis106vm kernel: [    0.202283] pci 0000:00:02.0: reg 0x10: [io  0xd010-0xd01f]
Nov  2 15:48:45 cis106vm kernel: [    0.203657] pci 0000:00:02.0: reg 0x14: [mem 0xe0000000-0xe7ffffff pref]
Nov  2 15:48:45 cis106vm kernel: [    0.206799] pci 0000:00:02.0: reg 0x18: [mem 0xf0000000-0xf01fffff]
Nov  2 15:48:45 cis106vm kernel: [    0.217641] pci 0000:00:02.0: Video device with shadowed ROM at [mem 0x000c0000-0x000dffff]
Nov  2 15:48:45 cis106vm kernel: [    0.218914] pci 0000:00:03.0: [8086:100e] type 00 class 0x020000
Nov  2 15:48:45 cis106vm kernel: [    0.219928] pci 0000:00:03.0: reg 0x10: [mem 0xf0200000-0xf021ffff]
Nov  2 15:48:45 cis106vm kernel: [    0.221800] pci 0000:00:03.0: reg 0x18: [io  0xd020-0xd027]
Nov  2 15:48:45 cis106vm kernel: [    0.224576] pci 0000:00:04.0: [80ee:cafe] type 00 class 0x088000
Nov  2 15:48:45 cis106vm kernel: [    0.225170] pci 0000:00:04.0: reg 0x10: [io  0xd040-0xd05f]
Nov  2 15:48:45 cis106vm kernel: [    0.225684] pci 0000:00:04.0: reg 0x14: [mem 0xf0400000-0xf07fffff]
Nov  2 15:48:45 cis106vm kernel: [    0.226197] pci 0000:00:04.0: reg 0x18: [mem 0xf0800000-0xf0803fff pref]
Nov  2 15:48:45 cis106vm kernel: [    0.231351] pci 0000:00:05.0: [8086:2415] type 00 class 0x040100
Nov  2 15:48:45 cis106vm kernel: [    0.231449] pci 0000:00:05.0: reg 0x10: [io  0xd100-0xd1ff]
Nov  2 15:48:45 cis106vm kernel: [    0.231496] pci 0000:00:05.0: reg 0x14: [io  0xd200-0xd23f]
Nov  2 15:48:45 cis106vm kernel: [    0.232250] pci 0000:00:06.0: [106b:003f] type 00 class 0x0c0310
Nov  2 15:48:45 cis106vm kernel: [    0.233231] pci 0000:00:06.0: reg 0x10: [mem 0xf0804000-0xf0804fff]
Nov  2 15:48:45 cis106vm kernel: [    0.237534] pci 0000:00:07.0: [8086:7113] type 00 class 0x068000
Nov  2 15:48:45 cis106vm kernel: [    0.238919] pci 0000:00:07.0: quirk: [io  0x4000-0x403f] claimed by PIIX4 ACPI
Nov  2 15:48:45 cis106vm kernel: [    0.238927] pci 0000:00:07.0: quirk: [io  0x4100-0x410f] claimed by PIIX4 SMB
Nov  2 15:48:45 cis106vm kernel: [    0.241045] pci 0000:00:0d.0: [8086:2829] type 00 class 0x010601
Nov  2 15:48:45 cis106vm kernel: [    0.241830] pci 0000:00:0d.0: reg 0x10: [io  0xd240-0xd247]
Nov  2 15:48:45 cis106vm kernel: [    0.242529] pci 0000:00:0d.0: reg 0x14: [io  0xd248-0xd24b]
Nov  2 15:48:45 cis106vm kernel: [    0.242718] pci 0000:00:0d.0: reg 0x18: [io  0xd250-0xd257]
Nov  2 15:48:45 cis106vm kernel: [    0.243281] pci 0000:00:0d.0: reg 0x1c: [io  0xd258-0xd25b]
Nov  2 15:48:45 cis106vm kernel: [    0.244119] pci 0000:00:0d.0: reg 0x20: [io  0xd260-0xd26f]
Nov  2 15:48:45 cis106vm kernel: [    0.246356] pci 0000:00:0d.0: reg 0x24: [mem 0xf0806000-0xf0807fff]
Nov  2 15:48:45 cis106vm kernel: [    0.255918] ACPI: PCI: Interrupt link LNKA configured for IRQ 11
Nov  2 15:48:45 cis106vm kernel: [    0.256235] ACPI: PCI: Interrupt link LNKB configured for IRQ 10
Nov  2 15:48:45 cis106vm kernel: [    0.256341] ACPI: PCI: Interrupt link LNKC configured for IRQ 9
Nov  2 15:48:45 cis106vm kernel: [    0.256446] ACPI: PCI: Interrupt link LNKD configured for IRQ 11
Nov  2 15:48:45 cis106vm kernel: [    0.256732] iommu: Default domain type: Translated 
Nov  2 15:48:45 cis106vm kernel: [    0.256732] iommu: DMA domain TLB invalidation policy: lazy mode 
Nov  2 15:48:45 cis106vm kernel: [    0.258770] SCSI subsystem initialized
Nov  2 15:48:45 cis106vm kernel: [    0.258809] libata version 3.00 loaded.
Nov  2 15:48:45 cis106vm kernel: [    0.258809] pci 0000:00:02.0: vgaarb: setting as boot VGA device
Nov  2 15:48:45 cis106vm kernel: [    0.258809] pci 0000:00:02.0: vgaarb: VGA device added: decodes=io+mem,owns=io+mem,locks=none
Nov  2 15:48:45 cis106vm kernel: [    0.258809] pci 0000:00:02.0: vgaarb: bridge control possible
Nov  2 15:48:45 cis106vm kernel: [    0.258809] vgaarb: loaded
Nov  2 15:48:45 cis106vm kernel: [    0.258809] ACPI: bus type USB registered
Nov  2 15:48:45 cis106vm kernel: [    0.258809] usbcore: registered new interface driver usbfs
Nov  2 15:48:45 cis106vm kernel: [    0.258809] usbcore: registered new interface driver hub
Nov  2 15:48:45 cis106vm kernel: [    0.258809] usbcore: registered new device driver usb
Nov  2 15:48:45 cis106vm kernel: [    0.258809] pps_core: LinuxPPS API ver. 1 registered
Nov  2 15:48:45 cis106vm kernel: [    0.258809] pps_core: Software ver. 5.3.6 - Copyright 2005-2007 Rodolfo Giometti <giometti@linux.it>
Nov  2 15:48:45 cis106vm kernel: [    0.258809] PTP clock support registered
Nov  2 15:48:45 cis106vm kernel: [    0.258809] EDAC MC: Ver: 3.0.0
Nov  2 15:48:45 cis106vm kernel: [    0.258917] NetLabel: Initializing
Nov  2 15:48:45 cis106vm kernel: [    0.258917] NetLabel:  domain hash size = 128
Nov  2 15:48:45 cis106vm kernel: [    0.258917] NetLabel:  protocols = UNLABELED CIPSOv4 CALIPSO
Nov  2 15:48:45 cis106vm kernel: [    0.258917] NetLabel:  unlabeled traffic allowed by default
Nov  2 15:48:45 cis106vm kernel: [    0.258917] PCI: Using ACPI for IRQ routing
Nov  2 15:48:45 cis106vm kernel: [    0.258917] PCI: pci_cache_line_size set to 64 bytes
Nov  2 15:48:45 cis106vm kernel: [    0.258917] e820: reserve RAM buffer [mem 0x0009fc00-0x0009ffff]
Nov  2 15:48:45 cis106vm kernel: [    0.258917] e820: reserve RAM buffer [mem 0x7fff0000-0x7fffffff]
Nov  2 15:48:45 cis106vm kernel: [    0.259923] clocksource: Switched to clocksource kvm-clock
Nov  2 15:48:45 cis106vm kernel: [    0.270782] VFS: Disk quotas dquot_6.6.0
Nov  2 15:48:45 cis106vm kernel: [    0.270782] VFS: Dquot-cache hash table entries: 512 (order 0, 4096 bytes)
Nov  2 15:48:45 cis106vm kernel: [    0.270782] AppArmor: AppArmor Filesystem Enabled
Nov  2 15:48:45 cis106vm kernel: [    0.270782] pnp: PnP ACPI init
Nov  2 15:48:45 cis106vm kernel: [    0.271677] pnp: PnP ACPI: found 2 devices
Nov  2 15:48:45 cis106vm kernel: [    0.280512] clocksource: acpi_pm: mask: 0xffffff max_cycles: 0xffffff, max_idle_ns: 2085701024 ns
Nov  2 15:48:45 cis106vm kernel: [    0.280651] NET: Registered PF_INET protocol family
Nov  2 15:48:45 cis106vm kernel: [    0.280707] IP idents hash table entries: 32768 (order: 6, 262144 bytes, linear)
Nov  2 15:48:45 cis106vm kernel: [    0.281396] tcp_listen_portaddr_hash hash table entries: 1024 (order: 2, 16384 bytes, linear)
Nov  2 15:48:45 cis106vm kernel: [    0.281424] Table-perturb hash table entries: 65536 (order: 6, 262144 bytes, linear)
Nov  2 15:48:45 cis106vm kernel: [    0.281436] TCP established hash table entries: 16384 (order: 5, 131072 bytes, linear)
Nov  2 15:48:45 cis106vm kernel: [    0.281477] TCP bind hash table entries: 16384 (order: 6, 262144 bytes, linear)
Nov  2 15:48:45 cis106vm kernel: [    0.281491] TCP: Hash tables configured (established 16384 bind 16384)
Nov  2 15:48:45 cis106vm kernel: [    0.281616] MPTCP token hash table entries: 2048 (order: 3, 49152 bytes, linear)
Nov  2 15:48:45 cis106vm kernel: [    0.281626] UDP hash table entries: 1024 (order: 3, 32768 bytes, linear)
Nov  2 15:48:45 cis106vm kernel: [    0.281633] UDP-Lite hash table entries: 1024 (order: 3, 32768 bytes, linear)
Nov  2 15:48:45 cis106vm kernel: [    0.281659] NET: Registered PF_UNIX/PF_LOCAL protocol family
Nov  2 15:48:45 cis106vm kernel: [    0.281663] NET: Registered PF_XDP protocol family
Nov  2 15:48:45 cis106vm kernel: [    0.281676] pci_bus 0000:00: resource 4 [io  0x0000-0x0cf7 window]
Nov  2 15:48:45 cis106vm kernel: [    0.281678] pci_bus 0000:00: resource 5 [io  0x0d00-0xffff window]
Nov  2 15:48:45 cis106vm kernel: [    0.281679] pci_bus 0000:00: resource 6 [mem 0x000a0000-0x000bffff window]
Nov  2 15:48:45 cis106vm kernel: [    0.281680] pci_bus 0000:00: resource 7 [mem 0x80000000-0xfdffffff window]
Nov  2 15:48:45 cis106vm kernel: [    0.281718] pci 0000:00:00.0: Limiting direct PCI/PCI transfers
Nov  2 15:48:45 cis106vm kernel: [    0.281731] pci 0000:00:01.0: Activating ISA DMA hang workarounds
Nov  2 15:48:45 cis106vm kernel: [    0.282805] PCI: CLS 0 bytes, default 64
Nov  2 15:48:45 cis106vm kernel: [    0.282850] Trying to unpack rootfs image as initramfs...
Nov  2 15:48:45 cis106vm kernel: [    0.290861] clocksource: tsc: mask: 0xffffffffffffffff max_cycles: 0x159645923e7, max_idle_ns: 440795241955 ns
Nov  2 15:48:45 cis106vm kernel: [    0.290895] clocksource: Switched to clocksource tsc
Nov  2 15:48:45 cis106vm kernel: [    0.290926] platform rtc_cmos: registered platform RTC device (no PNP device found)
Nov  2 15:48:45 cis106vm kernel: [    0.299551] Initialise system trusted keyrings
Nov  2 15:48:45 cis106vm kernel: [    0.299564] Key type blacklist registered
Nov  2 15:48:45 cis106vm kernel: [    0.299602] workingset: timestamp_bits=36 max_order=19 bucket_order=0
Nov  2 15:48:45 cis106vm kernel: [    0.300911] zbud: loaded
Nov  2 15:48:45 cis106vm kernel: [    0.301287] squashfs: version 4.0 (2009/01/31) Phillip Lougher
Nov  2 15:48:45 cis106vm kernel: [    0.302796] fuse: init (API version 7.34)
Nov  2 15:48:45 cis106vm kernel: [    0.303208] integrity: Platform Keyring initialized
Nov  2 15:48:45 cis106vm kernel: [    0.314729] Key type asymmetric registered
Nov  2 15:48:45 cis106vm kernel: [    0.314733] Asymmetric key parser 'x509' registered
Nov  2 15:48:45 cis106vm kernel: [    0.314762] Block layer SCSI generic (bsg) driver version 0.4 loaded (major 243)
Nov  2 15:48:45 cis106vm kernel: [    0.318788] io scheduler mq-deadline registered
Nov  2 15:48:45 cis106vm kernel: [    0.319009] shpchp: Standard Hot Plug PCI Controller Driver version: 0.4
Nov  2 15:48:45 cis106vm kernel: [    0.319252] ACPI: AC: AC Adapter [AC] (off-line)
Nov  2 15:48:45 cis106vm kernel: [    0.319309] input: Power Button as /devices/LNXSYSTM:00/LNXPWRBN:00/input/input0
Nov  2 15:48:45 cis106vm kernel: [    0.319342] ACPI: button: Power Button [PWRF]
Nov  2 15:48:45 cis106vm kernel: [    0.319402] input: Sleep Button as /devices/LNXSYSTM:00/LNXSLPBN:00/input/input1
Nov  2 15:48:45 cis106vm kernel: [    0.319418] ACPI: button: Sleep Button [SLPF]
Nov  2 15:48:45 cis106vm kernel: [    0.319876] Serial: 8250/16550 driver, 32 ports, IRQ sharing enabled
Nov  2 15:48:45 cis106vm kernel: [    0.324434] Linux agpgart interface v0.103
Nov  2 15:48:45 cis106vm kernel: [    0.327209] ACPI: battery: Slot [BAT0] (battery present)
Nov  2 15:48:45 cis106vm kernel: [    0.328167] loop: module loaded
Nov  2 15:48:45 cis106vm kernel: [    0.328462] ata_piix 0000:00:01.1: version 2.13
Nov  2 15:48:45 cis106vm kernel: [    0.334759] scsi host0: ata_piix
Nov  2 15:48:45 cis106vm kernel: [    0.334885] scsi host1: ata_piix
Nov  2 15:48:45 cis106vm kernel: [    0.334913] ata1: PATA max UDMA/33 cmd 0x1f0 ctl 0x3f6 bmdma 0xd000 irq 14
Nov  2 15:48:45 cis106vm kernel: [    0.334916] ata2: PATA max UDMA/33 cmd 0x170 ctl 0x376 bmdma 0xd008 irq 15
Nov  2 15:48:45 cis106vm kernel: [    0.335078] tun: Universal TUN/TAP device driver, 1.6
Nov  2 15:48:45 cis106vm kernel: [    0.335316] PPP generic driver version 2.4.2
Nov  2 15:48:45 cis106vm kernel: [    0.335825] VFIO - User Level meta-driver version: 0.3
Nov  2 15:48:45 cis106vm kernel: [    0.335968] ehci_hcd: USB 2.0 'Enhanced' Host Controller (EHCI) Driver
Nov  2 15:48:45 cis106vm kernel: [    0.335973] ehci-pci: EHCI PCI platform driver
Nov  2 15:48:45 cis106vm kernel: [    0.335983] ehci-platform: EHCI generic platform driver
Nov  2 15:48:45 cis106vm kernel: [    0.335989] ohci_hcd: USB 1.1 'Open' Host Controller (OHCI) Driver
Nov  2 15:48:45 cis106vm kernel: [    0.335992] ohci-pci: OHCI PCI platform driver
Nov  2 15:48:45 cis106vm kernel: [    0.336901] ohci-pci 0000:00:06.0: OHCI PCI host controller
Nov  2 15:48:45 cis106vm kernel: [    0.336908] ohci-pci 0000:00:06.0: new USB bus registered, assigned bus number 1
Nov  2 15:48:45 cis106vm kernel: [    0.336989] ohci-pci 0000:00:06.0: irq 22, io mem 0xf0804000
Nov  2 15:48:45 cis106vm kernel: [    0.395171] usb usb1: New USB device found, idVendor=1d6b, idProduct=0001, bcdDevice= 5.15
Nov  2 15:48:45 cis106vm kernel: [    0.395176] usb usb1: New USB device strings: Mfr=3, Product=2, SerialNumber=1
Nov  2 15:48:45 cis106vm kernel: [    0.395178] usb usb1: Product: OHCI PCI host controller
Nov  2 15:48:45 cis106vm kernel: [    0.395180] usb usb1: Manufacturer: Linux 5.15.0-52-generic ohci_hcd
Nov  2 15:48:45 cis106vm kernel: [    0.395181] usb usb1: SerialNumber: 0000:00:06.0
Nov  2 15:48:45 cis106vm kernel: [    0.395376] hub 1-0:1.0: USB hub found
Nov  2 15:48:45 cis106vm kernel: [    0.395392] hub 1-0:1.0: 12 ports detected
Nov  2 15:48:45 cis106vm kernel: [    0.395775] ohci-platform: OHCI generic platform driver
Nov  2 15:48:45 cis106vm kernel: [    0.395788] uhci_hcd: USB Universal Host Controller Interface driver
Nov  2 15:48:45 cis106vm kernel: [    0.395834] i8042: PNP: PS/2 Controller [PNP0303:PS2K,PNP0f03:PS2M] at 0x60,0x64 irq 1,12
Nov  2 15:48:45 cis106vm kernel: [    0.396370] serio: i8042 KBD port at 0x60,0x64 irq 1
Nov  2 15:48:45 cis106vm kernel: [    0.396376] serio: i8042 AUX port at 0x60,0x64 irq 12
Nov  2 15:48:45 cis106vm kernel: [    0.396495] mousedev: PS/2 mouse device common for all mice
Nov  2 15:48:45 cis106vm kernel: [    0.396811] input: AT Translated Set 2 keyboard as /devices/platform/i8042/serio0/input/input2
Nov  2 15:48:45 cis106vm kernel: [    0.397363] rtc_cmos rtc_cmos: registered as rtc0
Nov  2 15:48:45 cis106vm kernel: [    0.397402] rtc_cmos rtc_cmos: setting system clock to 2022-11-02T19:48:33 UTC (1667418513)
Nov  2 15:48:45 cis106vm kernel: [    0.397418] rtc_cmos rtc_cmos: alarms up to one day, 114 bytes nvram
Nov  2 15:48:45 cis106vm kernel: [    0.397425] i2c_dev: i2c /dev entries driver
Nov  2 15:48:45 cis106vm kernel: [    0.397684] device-mapper: core: CONFIG_IMA_DISABLE_HTABLE is disabled. Duplicate IMA measurements will not be recorded in the IMA log.
Nov  2 15:48:45 cis106vm kernel: [    0.397719] device-mapper: uevent: version 1.0.3
Nov  2 15:48:45 cis106vm kernel: [    0.397931] device-mapper: ioctl: 4.45.0-ioctl (2021-03-22) initialised: dm-devel@redhat.com
Nov  2 15:48:45 cis106vm kernel: [    0.397956] platform eisa.0: Probing EISA bus 0
Nov  2 15:48:45 cis106vm kernel: [    0.397958] platform eisa.0: EISA: Cannot allocate resource for mainboard
Nov  2 15:48:45 cis106vm kernel: [    0.397960] platform eisa.0: Cannot allocate resource for EISA slot 1
Nov  2 15:48:45 cis106vm kernel: [    0.397961] platform eisa.0: Cannot allocate resource for EISA slot 2
Nov  2 15:48:45 cis106vm kernel: [    0.397962] platform eisa.0: Cannot allocate resource for EISA slot 3
Nov  2 15:48:45 cis106vm kernel: [    0.397964] platform eisa.0: Cannot allocate resource for EISA slot 4
Nov  2 15:48:45 cis106vm kernel: [    0.397965] platform eisa.0: Cannot allocate resource for EISA slot 5
Nov  2 15:48:45 cis106vm kernel: [    0.397966] platform eisa.0: Cannot allocate resource for EISA slot 6
Nov  2 15:48:45 cis106vm kernel: [    0.397967] platform eisa.0: Cannot allocate resource for EISA slot 7
Nov  2 15:48:45 cis106vm kernel: [    0.397969] platform eisa.0: Cannot allocate resource for EISA slot 8
Nov  2 15:48:45 cis106vm kernel: [    0.397970] platform eisa.0: EISA: Detected 0 cards
Nov  2 15:48:45 cis106vm kernel: [    0.397972] intel_pstate: CPU model not supported
Nov  2 15:48:45 cis106vm kernel: [    0.398048] ledtrig-cpu: registered to indicate activity on CPUs
Nov  2 15:48:45 cis106vm kernel: [    0.398210] intel_pmc_core intel_pmc_core.0:  initialized
Nov  2 15:48:45 cis106vm kernel: [    0.398254] drop_monitor: Initializing network drop monitor service
Nov  2 15:48:45 cis106vm kernel: [    0.398396] NET: Registered PF_INET6 protocol family
Nov  2 15:48:45 cis106vm kernel: [    0.510294] ata2.00: ATAPI: VBOX CD-ROM, 1.0, max UDMA/133
Nov  2 15:48:45 cis106vm kernel: [    0.512116] scsi 1:0:0:0: CD-ROM            VBOX     CD-ROM           1.0  PQ: 0 ANSI: 5
Nov  2 15:48:45 cis106vm kernel: [    0.535371] sr 1:0:0:0: [sr0] scsi3-mmc drive: 32x/32x xa/form2 tray
Nov  2 15:48:45 cis106vm kernel: [    0.535376] cdrom: Uniform CD-ROM driver Revision: 3.20
Nov  2 15:48:45 cis106vm kernel: [    0.564158] sr 1:0:0:0: Attached scsi CD-ROM sr0
Nov  2 15:48:45 cis106vm kernel: [    0.564250] sr 1:0:0:0: Attached scsi generic sg0 type 5
Nov  2 15:48:45 cis106vm kernel: [    0.645454] Freeing initrd memory: 61832K
Nov  2 15:48:45 cis106vm kernel: [    0.652559] Segment Routing with IPv6
Nov  2 15:48:45 cis106vm kernel: [    0.652574] In-situ OAM (IOAM) with IPv6
Nov  2 15:48:45 cis106vm kernel: [    0.652596] NET: Registered PF_PACKET protocol family
Nov  2 15:48:45 cis106vm kernel: [    0.652651] Key type dns_resolver registered
Nov  2 15:48:45 cis106vm kernel: [    0.653157] IPI shorthand broadcast: enabled
Nov  2 15:48:45 cis106vm kernel: [    0.653164] sched_clock: Marking stable (642157552, 10906217)->(656680749, -3616980)
Nov  2 15:48:45 cis106vm kernel: [    0.653275] registered taskstats version 1
Nov  2 15:48:45 cis106vm kernel: [    0.653317] Loading compiled-in X.509 certificates
Nov  2 15:48:45 cis106vm kernel: [    0.653797] Loaded X.509 cert 'Build time autogenerated kernel key: f4250c069446d374e20697dfdb8caf1b5de3eae8'
Nov  2 15:48:45 cis106vm kernel: [    0.654142] Loaded X.509 cert 'Canonical Ltd. Live Patch Signing: 14df34d1a87cf37625abec039ef2bf521249b969'
Nov  2 15:48:45 cis106vm kernel: [    0.654480] Loaded X.509 cert 'Canonical Ltd. Kernel Module Signing: 88f752e560a1e0737e31163a466ad7b70a850c19'
Nov  2 15:48:45 cis106vm kernel: [    0.654482] blacklist: Loading compiled-in revocation X.509 certificates
Nov  2 15:48:45 cis106vm kernel: [    0.654494] Loaded X.509 cert 'Canonical Ltd. Secure Boot Signing: 61482aa2830d0ab2ad5af10b7250da9033ddcef0'
Nov  2 15:48:45 cis106vm kernel: [    0.654542] zswap: loaded using pool lzo/zbud
Nov  2 15:48:45 cis106vm kernel: [    0.654908] Key type ._fscrypt registered
Nov  2 15:48:45 cis106vm kernel: [    0.654909] Key type .fscrypt registered
Nov  2 15:48:45 cis106vm kernel: [    0.654909] Key type fscrypt-provisioning registered
Nov  2 15:48:45 cis106vm kernel: [    0.657162] Key type encrypted registered
Nov  2 15:48:45 cis106vm kernel: [    0.657167] AppArmor: AppArmor sha1 policy hashing enabled
Nov  2 15:48:45 cis106vm kernel: [    0.657175] ima: No TPM chip found, activating TPM-bypass!
Nov  2 15:48:45 cis106vm kernel: [    0.657178] Loading compiled-in module X.509 certificates
Nov  2 15:48:45 cis106vm kernel: [    0.657753] Loaded X.509 cert 'Build time autogenerated kernel key: f4250c069446d374e20697dfdb8caf1b5de3eae8'
Nov  2 15:48:45 cis106vm kernel: [    0.657756] ima: Allocated hash algorithm: sha1
Nov  2 15:48:45 cis106vm kernel: [    0.657763] ima: No architecture policies found
Nov  2 15:48:45 cis106vm kernel: [    0.657774] evm: Initialising EVM extended attributes:
Nov  2 15:48:45 cis106vm kernel: [    0.657775] evm: security.selinux
Nov  2 15:48:45 cis106vm kernel: [    0.657776] evm: security.SMACK64
Nov  2 15:48:45 cis106vm kernel: [    0.657777] evm: security.SMACK64EXEC
Nov  2 15:48:45 cis106vm kernel: [    0.657777] evm: security.SMACK64TRANSMUTE
Nov  2 15:48:45 cis106vm kernel: [    0.657778] evm: security.SMACK64MMAP
Nov  2 15:48:45 cis106vm kernel: [    0.657779] evm: security.apparmor
Nov  2 15:48:45 cis106vm kernel: [    0.657779] evm: security.ima
Nov  2 15:48:45 cis106vm kernel: [    0.657780] evm: security.capability
Nov  2 15:48:45 cis106vm kernel: [    0.657781] evm: HMAC attrs: 0x1
Nov  2 15:48:45 cis106vm kernel: [    0.658145] PM:   Magic number: 14:982:848
Nov  2 15:48:45 cis106vm kernel: [    0.658725] RAS: Correctable Errors collector initialized.
Nov  2 15:48:45 cis106vm kernel: [    0.661097] Freeing unused decrypted memory: 2036K
Nov  2 15:48:45 cis106vm kernel: [    0.661679] Freeing unused kernel image (initmem) memory: 3228K
Nov  2 15:48:45 cis106vm kernel: [    0.671626] Write protecting the kernel read-only data: 30720k
Nov  2 15:48:45 cis106vm kernel: [    0.672134] Freeing unused kernel image (text/rodata gap) memory: 2036K
Nov  2 15:48:45 cis106vm kernel: [    0.672397] Freeing unused kernel image (rodata/data gap) memory: 1476K
Nov  2 15:48:45 cis106vm kernel: [    0.739800] x86/mm: Checked W+X mappings: passed, no W+X pages found.
Nov  2 15:48:45 cis106vm kernel: [    0.739835] Run /init as init process
Nov  2 15:48:45 cis106vm kernel: [    0.739837]   with arguments:
Nov  2 15:48:45 cis106vm kernel: [    0.739838]     /init
Nov  2 15:48:45 cis106vm kernel: [    0.739839]     splash
Nov  2 15:48:45 cis106vm kernel: [    0.739840]   with environment:
Nov  2 15:48:45 cis106vm kernel: [    0.739841]     HOME=/
Nov  2 15:48:45 cis106vm kernel: [    0.739841]     TERM=linux
Nov  2 15:48:45 cis106vm kernel: [    0.739842]     BOOT_IMAGE=/boot/vmlinuz-5.15.0-52-generic
Nov  2 15:48:45 cis106vm kernel: [    0.836058] ACPI: video: Video Device [GFX0] (multi-head: yes  rom: no  post: no)
Nov  2 15:48:45 cis106vm kernel: [    0.836134] input: Video Bus as /devices/LNXSYSTM:00/LNXSYBUS:00/PNP0A03:00/LNXVIDEO:00/input/input4
Nov  2 15:48:45 cis106vm kernel: [    0.839698] e1000: Intel(R) PRO/1000 Network Driver
Nov  2 15:48:45 cis106vm kernel: [    0.839700] e1000: Copyright (c) 1999-2006 Intel Corporation.
Nov  2 15:48:45 cis106vm kernel: [    0.842844] piix4_smbus 0000:00:07.0: SMBus Host Controller at 0x4100, revision 0
Nov  2 15:48:45 cis106vm kernel: [    0.846683] ahci 0000:00:0d.0: version 3.0
Nov  2 15:48:45 cis106vm kernel: [    0.847348] ahci 0000:00:0d.0: SSS flag set, parallel bus scan disabled
Nov  2 15:48:45 cis106vm kernel: [    0.847467] ahci 0000:00:0d.0: AHCI 0001.0100 32 slots 1 ports 3 Gbps 0x1 impl SATA mode
Nov  2 15:48:45 cis106vm kernel: [    0.847470] ahci 0000:00:0d.0: flags: 64bit ncq stag only ccc 
Nov  2 15:48:45 cis106vm kernel: [    0.847682] scsi host2: ahci
Nov  2 15:48:45 cis106vm kernel: [    0.847724] ata3: SATA max UDMA/133 abar m8192@0xf0806000 port 0xf0806100 irq 21
Nov  2 15:48:45 cis106vm kernel: [    0.867051] usb 1-1: new full-speed USB device number 2 using ohci-pci
Nov  2 15:48:45 cis106vm kernel: [    1.052662] input: ImExPS/2 Generic Explorer Mouse as /devices/platform/i8042/serio1/input/input5
Nov  2 15:48:45 cis106vm kernel: [    1.162469] ata3: SATA link up 3.0 Gbps (SStatus 123 SControl 300)
Nov  2 15:48:45 cis106vm kernel: [    1.162619] ata3.00: ATA-6: VBOX HARDDISK, 1.0, max UDMA/133
Nov  2 15:48:45 cis106vm kernel: [    1.162621] ata3.00: 83886080 sectors, multi 128: LBA48 NCQ (depth 32)
Nov  2 15:48:45 cis106vm kernel: [    1.162843] ata3.00: configured for UDMA/133
Nov  2 15:48:45 cis106vm kernel: [    1.163735] scsi 2:0:0:0: Direct-Access     ATA      VBOX HARDDISK    1.0  PQ: 0 ANSI: 5
Nov  2 15:48:45 cis106vm kernel: [    1.164010] sd 2:0:0:0: [sda] 83886080 512-byte logical blocks: (42.9 GB/40.0 GiB)
Nov  2 15:48:45 cis106vm kernel: [    1.164018] sd 2:0:0:0: [sda] Write Protect is off
Nov  2 15:48:45 cis106vm kernel: [    1.164019] sd 2:0:0:0: [sda] Mode Sense: 00 3a 00 00
Nov  2 15:48:45 cis106vm kernel: [    1.164030] sd 2:0:0:0: [sda] Write cache: enabled, read cache: enabled, doesn't support DPO or FUA
Nov  2 15:48:45 cis106vm kernel: [    1.164242] sd 2:0:0:0: Attached scsi generic sg1 type 0
Nov  2 15:48:45 cis106vm kernel: [    1.191097]  sda: sda1 sda2 sda3
Nov  2 15:48:45 cis106vm kernel: [    1.203328] usb 1-1: New USB device found, idVendor=80ee, idProduct=0021, bcdDevice= 1.00
Nov  2 15:48:45 cis106vm kernel: [    1.203333] usb 1-1: New USB device strings: Mfr=1, Product=3, SerialNumber=0
Nov  2 15:48:45 cis106vm kernel: [    1.203335] usb 1-1: Product: USB Tablet
Nov  2 15:48:45 cis106vm kernel: [    1.203337] usb 1-1: Manufacturer: VirtualBox
Nov  2 15:48:45 cis106vm kernel: [    1.207379] sd 2:0:0:0: [sda] Attached SCSI disk
Nov  2 15:48:45 cis106vm kernel: [    1.226463] hid: raw HID events driver (C) Jiri Kosina
Nov  2 15:48:45 cis106vm kernel: [    1.253895] e1000 0000:00:03.0 eth0: (PCI:33MHz:32-bit) 08:00:27:28:0c:0b
Nov  2 15:48:45 cis106vm kernel: [    1.253903] e1000 0000:00:03.0 eth0: Intel(R) PRO/1000 Network Connection
Nov  2 15:48:45 cis106vm kernel: [    1.256055] usbcore: registered new interface driver usbhid
Nov  2 15:48:45 cis106vm kernel: [    1.256058] usbhid: USB HID core driver
Nov  2 15:48:45 cis106vm kernel: [    1.256571] e1000 0000:00:03.0 enp0s3: renamed from eth0
Nov  2 15:48:45 cis106vm kernel: [    1.261199] input: VirtualBox USB Tablet as /devices/pci0000:00/0000:00:06.0/usb1/1-1/1-1:1.0/0003:80EE:0021.0001/input/input6
Nov  2 15:48:45 cis106vm kernel: [    1.262055] hid-generic 0003:80EE:0021.0001: input,hidraw0: USB HID v1.10 Mouse [VirtualBox USB Tablet] on usb-0000:00:06.0-1/input0
Nov  2 15:48:45 cis106vm kernel: [    1.440751] EXT4-fs (sda3): mounted filesystem with ordered data mode. Opts: (null). Quota mode: none.
Nov  2 15:48:45 cis106vm kernel: [    1.987991] EXT4-fs (sda3): re-mounted. Opts: errors=remount-ro. Quota mode: none.
Nov  2 15:48:45 cis106vm kernel: [    2.007753] mtd device must be supplied (device name is empty)
Nov  2 15:48:45 cis106vm kernel: [    2.014817] Adding 4392956k swap on /swapfile.  Priority:-2 extents:9 across:4704252k FS
Nov  2 15:48:45 cis106vm kernel: [    2.031836] lp: driver loaded but no devices found
Nov  2 15:48:45 cis106vm kernel: [    2.055750] ppdev: user-space parallel port driver
Nov  2 15:48:45 cis106vm kernel: [    2.069496] IPMI message handler: version 39.2
Nov  2 15:48:45 cis106vm kernel: [    2.081693] ipmi device interface
Nov  2 15:48:45 cis106vm kernel: [    2.155196] loop0: detected capacity change from 0 to 8
Nov  2 15:48:45 cis106vm kernel: [    2.161801] vmwgfx 0000:00:02.0: vgaarb: deactivate vga console
Nov  2 15:48:45 cis106vm kernel: [    2.164200] Console: switching to colour dummy device 80x25
Nov  2 15:48:45 cis106vm kernel: [    2.165323] loop1: detected capacity change from 0 to 187776
Nov  2 15:48:45 cis106vm kernel: [    2.165672] [TTM] Zone  kernel: Available graphics memory: 1011606 KiB
Nov  2 15:48:45 cis106vm kernel: [    2.165750] vmwgfx 0000:00:02.0: [drm] FIFO at 0x00000000f0000000 size is 2048 kiB
Nov  2 15:48:45 cis106vm kernel: [    2.165774] vmwgfx 0000:00:02.0: [drm] VRAM at 0x00000000e0000000 size is 131072 kiB
Nov  2 15:48:45 cis106vm kernel: [    2.165782] vmwgfx 0000:00:02.0: [drm] Running on SVGA version 2.
Nov  2 15:48:45 cis106vm kernel: [    2.165786] vmwgfx 0000:00:02.0: [drm] DMA map mode: Caching DMA mappings.
Nov  2 15:48:45 cis106vm kernel: [    2.165819] vmwgfx 0000:00:02.0: [drm] Legacy memory limits: VRAM = 131072 kB, FIFO = 2048 kB, surface = 393216 kB
Nov  2 15:48:45 cis106vm kernel: [    2.165821] vmwgfx 0000:00:02.0: [drm] MOB limits: max mob size = 0 kB, max mob pages = 0
Nov  2 15:48:45 cis106vm kernel: [    2.165824] vmwgfx 0000:00:02.0: [drm] Capabilities: cursor, cursor bypass 2, alpha cursor, 3D, extended fifo, pitchlock, irq mask, gmr, traces, gmr2, screen object 2, 
Nov  2 15:48:45 cis106vm kernel: [    2.165825] vmwgfx 0000:00:02.0: [drm] Max GMR ids is 8192
Nov  2 15:48:45 cis106vm kernel: [    2.165826] vmwgfx 0000:00:02.0: [drm] Max number of GMR pages is 1048576
Nov  2 15:48:45 cis106vm kernel: [    2.165827] vmwgfx 0000:00:02.0: [drm] Maximum display memory size is 131072 kiB
Nov  2 15:48:45 cis106vm kernel: [    2.167021] loop2: detected capacity change from 0 to 334424
Nov  2 15:48:45 cis106vm kernel: [    2.170174] loop3: detected capacity change from 0 to 820832
Nov  2 15:48:45 cis106vm kernel: [    2.170241] loop4: detected capacity change from 0 to 126896
Nov  2 15:48:45 cis106vm kernel: [    2.174952] loop5: detected capacity change from 0 to 93928
Nov  2 15:48:45 cis106vm kernel: [    2.178587] loop6: detected capacity change from 0 to 96176
Nov  2 15:48:45 cis106vm kernel: [    2.182367] loop7: detected capacity change from 0 to 568
Nov  2 15:48:45 cis106vm kernel: [    2.182910] vmwgfx 0000:00:02.0: [drm] Screen Object display unit initialized
Nov  2 15:48:45 cis106vm kernel: [    2.183278] vmwgfx 0000:00:02.0: [drm] Fifo max 0x00200000 min 0x00001000 cap 0x00000355
Nov  2 15:48:45 cis106vm kernel: [    2.183289] vmwgfx 0000:00:02.0: [drm] Available shader model: Legacy.
Nov  2 15:48:45 cis106vm kernel: [    2.183294] [drm:vmw_host_printf [vmwgfx]] *ERROR* Failed to send host log message.
Nov  2 15:48:45 cis106vm kernel: [    2.185523] fbcon: svgadrmfb (fb0) is primary device
Nov  2 15:48:45 cis106vm kernel: [    2.186361] Console: switching to colour frame buffer device 100x37
Nov  2 15:48:45 cis106vm kernel: [    2.194322] [drm] Initialized vmwgfx 2.19.0 20210722 for 0000:00:02.0 on minor 0
Nov  2 15:48:45 cis106vm kernel: [    2.504505] vboxguest: host-version: 6.1.38r153438 0x8000000f
Nov  2 15:48:45 cis106vm kernel: [    2.505060] vbg_heartbeat_init: Setting up heartbeat to trigger every 2000 milliseconds
Nov  2 15:48:45 cis106vm kernel: [    2.518694] input: VirtualBox mouse integration as /devices/pci0000:00/0000:00:04.0/input/input7
Nov  2 15:48:45 cis106vm kernel: [    2.524117] vboxguest: misc device minor 123, IRQ 20, I/O port d040, MMIO at 0x00000000f0400000 (size 0x0000000000400000)
Nov  2 15:48:45 cis106vm kernel: [    2.638960] RAPL PMU: API unit is 2^-32 Joules, 0 fixed counters, 10737418240 ms ovfl timer
Nov  2 15:48:45 cis106vm kernel: [    2.650858] cryptd: max_cpu_qlen set to 1000
Nov  2 15:48:45 cis106vm kernel: [    2.677020] AVX2 version of gcm_enc/dec engaged.
Nov  2 15:48:45 cis106vm kernel: [    2.677403] AES CTR mode by8 optimization enabled
Nov  2 15:48:45 cis106vm kernel: [    3.122325] audit: type=1400 audit(1667418516.219:2): apparmor="STATUS" operation="profile_load" profile="unconfined" name="lsb_release" pid=455 comm="apparmor_parser"
Nov  2 15:48:45 cis106vm kernel: [    3.152034] audit: type=1400 audit(1667418516.251:3): apparmor="STATUS" operation="profile_load" profile="unconfined" name="nvidia_modprobe" pid=456 comm="apparmor_parser"
Nov  2 15:48:45 cis106vm kernel: [    3.153204] audit: type=1400 audit(1667418516.251:4): apparmor="STATUS" operation="profile_load" profile="unconfined" name="nvidia_modprobe//kmod" pid=456 comm="apparmor_parser"
Nov  2 15:48:45 cis106vm kernel: [    3.188925] snd_intel8x0 0000:00:05.0: allow list rate for 1028:0177 is 48000
Nov  2 15:48:45 cis106vm kernel: [    3.260607] mtd device must be supplied (device name is empty)
Nov  2 15:48:45 cis106vm kernel: [    3.328890] audit: type=1400 audit(1667418516.427:5): apparmor="STATUS" operation="profile_load" profile="unconfined" name="/usr/lib/NetworkManager/nm-dhcp-client.action" pid=532 comm="apparmor_parser"
Nov  2 15:48:45 cis106vm kernel: [    3.330150] audit: type=1400 audit(1667418516.427:6): apparmor="STATUS" operation="profile_load" profile="unconfined" name="/usr/lib/NetworkManager/nm-dhcp-helper" pid=532 comm="apparmor_parser"
Nov  2 15:48:45 cis106vm kernel: [    3.331305] audit: type=1400 audit(1667418516.431:7): apparmor="STATUS" operation="profile_load" profile="unconfined" name="/usr/lib/connman/scripts/dhclient-script" pid=532 comm="apparmor_parser"
Nov  2 15:48:45 cis106vm kernel: [    3.333421] audit: type=1400 audit(1667418516.431:8): apparmor="STATUS" operation="profile_load" profile="unconfined" name="/{,usr/}sbin/dhclient" pid=532 comm="apparmor_parser"
Nov  2 15:48:45 cis106vm kernel: [    3.394249] audit: type=1400 audit(1667418516.491:9): apparmor="STATUS" operation="profile_load" profile="unconfined" name="/usr/bin/man" pid=572 comm="apparmor_parser"
Nov  2 15:48:45 cis106vm kernel: [    3.394957] audit: type=1400 audit(1667418516.495:10): apparmor="STATUS" operation="profile_load" profile="unconfined" name="man_filter" pid=572 comm="apparmor_parser"
Nov  2 15:48:45 cis106vm kernel: [    5.346535] kauditd_printk_skb: 4 callbacks suppressed
Nov  2 15:48:45 cis106vm kernel: [    5.346537] audit: type=1400 audit(1667418518.443:15): apparmor="STATUS" operation="profile_load" profile="unconfined" name="/usr/bin/evince" pid=550 comm="apparmor_parser"
Nov  2 15:48:45 cis106vm kernel: [    5.348607] audit: type=1400 audit(1667418518.447:16): apparmor="STATUS" operation="profile_load" profile="unconfined" name="/usr/bin/evince//sanitized_helper" pid=550 comm="apparmor_parser"
Nov  2 15:48:45 cis106vm kernel: [    5.362587] audit: type=1400 audit(1667418518.459:17): apparmor="STATUS" operation="profile_load" profile="unconfined" name="/usr/bin/evince-previewer" pid=550 comm="apparmor_parser"
Nov  2 15:48:45 cis106vm kernel: [    5.364289] audit: type=1400 audit(1667418518.463:18): apparmor="STATUS" operation="profile_load" profile="unconfined" name="/usr/bin/evince-previewer//sanitized_helper" pid=550 comm="apparmor_parser"
Nov  2 15:48:45 cis106vm kernel: [    5.371199] audit: type=1400 audit(1667418518.471:19): apparmor="STATUS" operation="profile_load" profile="unconfined" name="/usr/bin/evince-thumbnailer" pid=550 comm="apparmor_parser"
Nov  2 15:48:45 cis106vm kernel: [    5.407688] audit: type=1400 audit(1667418518.507:20): apparmor="STATUS" operation="profile_load" profile="unconfined" name="libreoffice-xpdfimport" pid=577 comm="apparmor_parser"
Nov  2 15:48:45 cis106vm kernel: [    5.595672] audit: type=1400 audit(1667418518.695:21): apparmor="STATUS" operation="profile_load" profile="unconfined" name="/usr/lib/snapd/snap-confine" pid=578 comm="apparmor_parser"
Nov  2 15:48:45 cis106vm kernel: [    5.596611] audit: type=1400 audit(1667418518.695:22): apparmor="STATUS" operation="profile_load" profile="unconfined" name="/usr/lib/snapd/snap-confine//mount-namespace-capture-helper" pid=578 comm="apparmor_parser"
Nov  2 15:48:45 cis106vm kernel: [    5.672841] audit: type=1400 audit(1667418518.771:23): apparmor="STATUS" operation="profile_load" profile="unconfined" name="/usr/sbin/cups-browsed" pid=579 comm="apparmor_parser"
Nov  2 15:48:45 cis106vm kernel: [    5.898260] audit: type=1400 audit(1667418518.995:24): apparmor="STATUS" operation="profile_load" profile="unconfined" name="/usr/lib/cups/backend/cups-pdf" pid=580 comm="apparmor_parser"
Nov  2 15:48:45 cis106vm kernel: [   10.975807] kauditd_printk_skb: 9 callbacks suppressed
Nov  2 15:48:45 cis106vm kernel: [   10.975812] audit: type=1400 audit(1667418524.075:34): apparmor="STATUS" operation="profile_load" profile="unconfined" name="snap.firefox.firefox" pid=595 comm="apparmor_parser"
Nov  2 15:48:45 cis106vm kernel: [   11.141196] audit: type=1400 audit(1667418524.239:35): apparmor="STATUS" operation="profile_load" profile="unconfined" name="snap.firefox.hook.configure" pid=597 comm="apparmor_parser"
Nov  2 15:48:45 cis106vm kernel: [   11.325563] audit: type=1400 audit(1667418524.423:36): apparmor="STATUS" operation="profile_load" profile="unconfined" name="snap.snap-store.hook.configure" pid=598 comm="apparmor_parser"
Nov  2 15:48:45 cis106vm kernel: [   11.374164] audit: type=1400 audit(1667418524.471:37): apparmor="STATUS" operation="profile_load" profile="unconfined" name="snap.firefox.geckodriver" pid=596 comm="apparmor_parser"
Nov  2 15:48:45 cis106vm kernel: [   11.778834] audit: type=1400 audit(1667418524.879:38): apparmor="STATUS" operation="profile_load" profile="unconfined" name="snap.snap-store.snap-store" pid=599 comm="apparmor_parser"
Nov  2 15:48:45 cis106vm kernel: [   11.816548] audit: type=1400 audit(1667418524.915:39): apparmor="STATUS" operation="profile_load" profile="unconfined" name="snap.snap-store.ubuntu-software" pid=600 comm="apparmor_parser"
Nov  2 15:48:45 cis106vm kernel: [   11.991313] audit: type=1400 audit(1667418525.091:40): apparmor="STATUS" operation="profile_load" profile="unconfined" name="snap.snapd-desktop-integration.hook.configure" pid=602 comm="apparmor_parser"
Nov  2 15:48:45 cis106vm kernel: [   12.278878] audit: type=1400 audit(1667418525.379:41): apparmor="STATUS" operation="profile_load" profile="unconfined" name="snap.snap-store.ubuntu-software-local-file" pid=601 comm="apparmor_parser"
Nov  2 15:48:45 cis106vm kernel: [   12.374110] audit: type=1400 audit(1667418525.471:42): apparmor="STATUS" operation="profile_load" profile="unconfined" name="snap.snapd-desktop-integration.snapd-desktop-integration" pid=603 comm="apparmor_parser"
Nov  2 15:48:45 cis106vm kernel: [   12.806254] audit: type=1400 audit(1667418525.903:43): apparmor="DENIED" operation="capable" profile="/usr/sbin/cupsd" pid=730 comm="cupsd" capability=12  capname="net_admin"
Nov  2 15:48:46 cis106vm kernel: [   12.911924] loop8: detected capacity change from 0 to 8
Nov  2 15:48:46 cis106vm kernel: [   12.915137] e1000: enp0s3 NIC Link is Up 1000 Mbps Full Duplex, Flow Control: RX
Nov  2 15:48:46 cis106vm kernel: [   12.915404] IPv6: ADDRCONF(NETDEV_CHANGE): enp0s3: link becomes ready
Nov  2 15:48:47 cis106vm kernel: [   14.354220] [drm:vmw_msg_ioctl [vmwgfx]] *ERROR* Failed to open channel.
Nov  2 15:48:47 cis106vm kernel: [   14.354249] [drm:vmw_msg_ioctl [vmwgfx]] *ERROR* Failed to open channel.
Nov  2 15:48:48 cis106vm kernel: [   15.032896] [drm:vmw_msg_ioctl [vmwgfx]] *ERROR* Failed to open channel.
Nov  2 15:48:48 cis106vm kernel: [   15.032922] [drm:vmw_msg_ioctl [vmwgfx]] *ERROR* Failed to open channel.
Nov  2 15:48:49 cis106vm kernel: [   16.194590] rfkill: input handler disabled
Nov  2 15:48:49 cis106vm kernel: [   16.329016] [drm:vmw_msg_ioctl [vmwgfx]] *ERROR* Failed to open channel.
Nov  2 15:48:49 cis106vm kernel: [   16.329039] [drm:vmw_msg_ioctl [vmwgfx]] *ERROR* Failed to open channel.
Nov  2 15:48:50 cis106vm kernel: [   17.264720] [drm:vmw_msg_ioctl [vmwgfx]] *ERROR* Failed to open channel.
Nov  2 15:48:50 cis106vm kernel: [   17.264749] [drm:vmw_msg_ioctl [vmwgfx]] *ERROR* Failed to open channel.
Nov  2 15:48:54 cis106vm kernel: [   20.900757] rfkill: input handler enabled
Nov  2 15:48:54 cis106vm kernel: [   21.577519] [drm:vmw_msg_ioctl [vmwgfx]] *ERROR* Failed to open channel.
Nov  2 15:48:54 cis106vm kernel: [   21.577546] [drm:vmw_msg_ioctl [vmwgfx]] *ERROR* Failed to open channel.
Nov  2 15:48:55 cis106vm kernel: [   22.096069] kauditd_printk_skb: 3 callbacks suppressed
Nov  2 15:48:55 cis106vm kernel: [   22.096071] audit: type=1400 audit(1667418535.195:47): apparmor="DENIED" operation="capable" profile="/usr/lib/snapd/snap-confine" pid=1474 comm="snap-confine" capability=12  capname="net_admin"
Nov  2 15:48:55 cis106vm kernel: [   22.096477] audit: type=1400 audit(1667418535.195:48): apparmor="DENIED" operation="capable" profile="/usr/lib/snapd/snap-confine" pid=1474 comm="snap-confine" capability=38  capname="perfmon"
Nov  2 15:48:55 cis106vm kernel: [   22.100869] audit: type=1400 audit(1667418535.199:49): apparmor="DENIED" operation="capable" profile="/usr/lib/snapd/snap-confine" pid=1474 comm="snap-confine" capability=4  capname="fsetid"
Nov  2 15:48:55 cis106vm kernel: [   22.697020] audit: type=1400 audit(1667418535.795:50): apparmor="DENIED" operation="capable" profile="/usr/lib/snapd/snap-confine" pid=1631 comm="snap-confine" capability=12  capname="net_admin"
Nov  2 15:48:55 cis106vm kernel: [   22.699880] audit: type=1400 audit(1667418535.799:51): apparmor="DENIED" operation="capable" profile="/usr/lib/snapd/snap-confine" pid=1631 comm="snap-confine" capability=38  capname="perfmon"
Nov  2 15:48:56 cis106vm kernel: [   23.840588] rfkill: input handler disabled
Nov  2 15:48:57 cis106vm kernel: [   23.947320] audit: type=1326 audit(1667418537.047:52): auid=1000 uid=1000 gid=1000 ses=3 subj=? pid=1474 comm="snapd-desktop-i" exe="/snap/snapd-desktop-integration/14/bin/snapd-desktop-integration" sig=0 arch=c000003e syscall=314 compat=0 ip=0x7f206df6173d code=0x50000
Nov  2 15:48:59 cis106vm kernel: [   26.014056] [drm:vmw_msg_ioctl [vmwgfx]] *ERROR* Failed to open channel.
Nov  2 15:48:59 cis106vm kernel: [   26.014095] [drm:vmw_msg_ioctl [vmwgfx]] *ERROR* Failed to open channel.
Nov  2 15:48:59 cis106vm kernel: [   26.068643] [drm:vmw_msg_ioctl [vmwgfx]] *ERROR* Failed to open channel.
Nov  2 15:48:59 cis106vm kernel: [   26.068670] [drm:vmw_msg_ioctl [vmwgfx]] *ERROR* Failed to open channel.
Nov  2 15:48:59 cis106vm kernel: [   26.526405] [drm:vmw_msg_ioctl [vmwgfx]] *ERROR* Failed to open channel.
Nov  2 15:48:59 cis106vm kernel: [   26.532102] [drm:vmw_msg_ioctl [vmwgfx]] *ERROR* Failed to open channel.
Nov  2 15:48:59 cis106vm kernel: [   26.601011] [drm:vmw_msg_ioctl [vmwgfx]] *ERROR* Failed to open channel.
Nov  2 15:48:59 cis106vm kernel: [   26.601033] [drm:vmw_msg_ioctl [vmwgfx]] *ERROR* Failed to open channel.
Nov  2 15:49:00 cis106vm kernel: [   26.926290] [drm:vmw_msg_ioctl [vmwgfx]] *ERROR* Failed to open channel.
Nov  2 15:49:00 cis106vm kernel: [   26.926322] [drm:vmw_msg_ioctl [vmwgfx]] *ERROR* Failed to open channel.
Nov  2 15:49:19 cis106vm kernel: [   46.712443] [drm:vmw_msg_ioctl [vmwgfx]] *ERROR* Failed to open channel.
Nov  2 15:49:19 cis106vm kernel: [   46.712467] [drm:vmw_msg_ioctl [vmwgfx]] *ERROR* Failed to open channel.
Nov  2 15:49:19 cis106vm kernel: [   46.719298] [drm:vmw_msg_ioctl [vmwgfx]] *ERROR* Failed to open channel.
Nov  2 15:49:19 cis106vm kernel: [   46.719329] [drm:vmw_msg_ioctl [vmwgfx]] *ERROR* Failed to open channel.
Nov  2 15:50:41 cis106vm kernel: [  128.762566] [drm:vmw_msg_ioctl [vmwgfx]] *ERROR* Failed to open channel.
Nov  2 15:50:41 cis106vm kernel: [  128.762615] [drm:vmw_msg_ioctl [vmwgfx]] *ERROR* Failed to open channel.
Nov  2 15:50:41 cis106vm kernel: [  128.795633] [drm:vmw_msg_ioctl [vmwgfx]] *ERROR* Failed to open channel.
Nov  2 15:50:41 cis106vm kernel: [  128.795656] [drm:vmw_msg_ioctl [vmwgfx]] *ERROR* Failed to open channel.
Nov  2 15:51:37 cis106vm kernel: [  184.497551] audit: type=1326 audit(1667418697.586:53): auid=1000 uid=1000 gid=1000 ses=3 subj=? pid=2690 comm="snap-store" exe="/snap/snap-store/582/usr/bin/snap-store" sig=0 arch=c000003e syscall=314 compat=0 ip=0x7f6a59e9373d code=0x50000
Nov  2 15:51:40 cis106vm kernel: [  187.856494] audit: type=1107 audit(1667418700.941:54): pid=611 uid=102 auid=4294967295 ses=4294967295 subj=? msg='apparmor="DENIED" operation="dbus_method_call"  bus="system" path="/org/freedesktop/PolicyKit1/Authority" interface="org.freedesktop.DBus.Properties" member="GetAll" mask="send" name=":1.5" pid=2690 label="snap.snap-store.ubuntu-software" peer_pid=633 peer_label="unconfined"
Nov  2 15:51:40 cis106vm kernel: [  187.856494]  exe="/usr/bin/dbus-daemon" sauid=102 hostname=? addr=? terminal=?'
Nov  2 15:51:40 cis106vm kernel: [  187.856499] audit: type=1420 audit(1667418700.941:55): subj_apparmor=unconfined
Nov  2 15:51:40 cis106vm kernel: [  187.857343] audit: type=1107 audit(1667418700.945:56): pid=611 uid=102 auid=4294967295 ses=4294967295 subj=? msg='apparmor="DENIED" operation="dbus_method_call"  bus="system" path="/org/freedesktop/PolicyKit1/Authority" interface="org.freedesktop.PolicyKit1.Authority" member="CheckAuthorization" mask="send" name=":1.5" pid=2690 label="snap.snap-store.ubuntu-software" peer_pid=633 peer_label="unconfined"
Nov  2 15:51:40 cis106vm kernel: [  187.857343]  exe="/usr/bin/dbus-daemon" sauid=102 hostname=? addr=? terminal=?'
Nov  2 15:51:40 cis106vm kernel: [  187.857347] audit: type=1420 audit(1667418700.945:57): subj_apparmor=unconfined
Nov  2 15:51:40 cis106vm kernel: [  187.871100] audit: type=1107 audit(1667418700.957:58): pid=611 uid=102 auid=4294967295 ses=4294967295 subj=? msg='apparmor="DENIED" operation="dbus_method_call"  bus="system" path="/org/freedesktop/PolicyKit1/Authority" interface="org.freedesktop.DBus.Properties" member="GetAll" mask="send" name=":1.5" pid=2690 label="snap.snap-store.ubuntu-software" peer_pid=633 peer_label="unconfined"
Nov  2 15:51:40 cis106vm kernel: [  187.871100]  exe="/usr/bin/dbus-daemon" sauid=102 hostname=? addr=? terminal=?'
Nov  2 15:51:40 cis106vm kernel: [  187.871105] audit: type=1420 audit(1667418700.957:59): subj_apparmor=unconfined
Nov  2 15:51:40 cis106vm kernel: [  187.871416] audit: type=1107 audit(1667418700.957:60): pid=611 uid=102 auid=4294967295 ses=4294967295 subj=? msg='apparmor="DENIED" operation="dbus_method_call"  bus="system" path="/org/freedesktop/PolicyKit1/Authority" interface="org.freedesktop.PolicyKit1.Authority" member="CheckAuthorization" mask="send" name=":1.5" pid=2690 label="snap.snap-store.ubuntu-software" peer_pid=633 peer_label="unconfined"
Nov  2 15:51:40 cis106vm kernel: [  187.871416]  exe="/usr/bin/dbus-daemon" sauid=102 hostname=? addr=? terminal=?'
Nov  2 15:51:40 cis106vm kernel: [  187.871418] audit: type=1420 audit(1667418700.957:61): subj_apparmor=unconfined
Nov  2 15:51:41 cis106vm kernel: [  188.656400] audit: type=1400 audit(1667418701.741:62): apparmor="DENIED" operation="open" profile="snap.snap-store.ubuntu-software" name="/etc/PackageKit/Vendor.conf" pid=2690 comm="snap-store" requested_mask="r" denied_mask="r" fsuid=1000 ouid=0
Nov  2 15:51:45 cis106vm kernel: [  191.932413] kauditd_printk_skb: 1 callbacks suppressed
Nov  2 15:51:45 cis106vm kernel: [  191.932415] audit: type=1326 audit(1667418705.021:64): auid=1000 uid=1000 gid=1000 ses=3 subj=? pid=2936 comm="snap-store" exe="/snap/snap-store/582/usr/bin/snap-store" sig=0 arch=c000003e syscall=314 compat=0 ip=0x7f8e4431673d code=0x50000
Nov  2 15:51:45 cis106vm kernel: [  192.797402] audit: type=1326 audit(1667418705.884:65): auid=1000 uid=1000 gid=1000 ses=3 subj=? pid=3016 comm="snap-store" exe="/snap/snap-store/582/usr/bin/snap-store" sig=0 arch=c000003e syscall=314 compat=0 ip=0x7efed262373d code=0x50000
Nov  2 15:51:52 cis106vm kernel: [  199.705945] audit: type=1326 audit(1667418712.791:66): auid=1000 uid=1000 gid=1000 ses=3 subj=? pid=2690 comm="pool-org.gnome." exe="/snap/snap-store/582/usr/bin/snap-store" sig=0 arch=c000003e syscall=251 compat=0 ip=0x7f6a59e9373d code=0x50000
Nov  2 15:51:52 cis106vm kernel: [  199.705950] audit: type=1326 audit(1667418712.791:67): auid=1000 uid=1000 gid=1000 ses=3 subj=? pid=2690 comm="pool-org.gnome." exe="/snap/snap-store/582/usr/bin/snap-store" sig=0 arch=c000003e syscall=251 compat=0 ip=0x7f6a59e9373d code=0x50000
Nov  2 15:52:05 cis106vm kernel: [  212.678884] loop8: detected capacity change from 0 to 235496
Nov  2 15:52:06 cis106vm kernel: [  213.506983] audit: type=1400 audit(1667418726.592:68): apparmor="STATUS" operation="profile_load" profile="unconfined" name="/snap/core/13886/usr/lib/snapd/snap-confine" pid=3189 comm="apparmor_parser"
Nov  2 15:52:06 cis106vm kernel: [  213.507985] audit: type=1400 audit(1667418726.592:69): apparmor="STATUS" operation="profile_load" profile="unconfined" name="/snap/core/13886/usr/lib/snapd/snap-confine//mount-namespace-capture-helper" pid=3189 comm="apparmor_parser"
Nov  2 15:52:06 cis106vm kernel: [  213.550361] audit: type=1400 audit(1667418726.632:70): apparmor="STATUS" operation="profile_load" profile="unconfined" name="snap-update-ns.core" pid=3191 comm="apparmor_parser"
Nov  2 15:52:06 cis106vm kernel: [  213.670836] audit: type=1400 audit(1667418726.756:71): apparmor="STATUS" operation="profile_load" profile="unconfined" name="snap.core.hook.configure" pid=3192 comm="apparmor_parser"
Nov  2 15:52:23 cis106vm kernel: [  230.441129] loop9: detected capacity change from 0 to 484392
Nov  2 15:52:23 cis106vm kernel: [  230.692002] audit: type=1400 audit(1667418743.772:72): apparmor="STATUS" operation="profile_load" profile="unconfined" name="snap-update-ns.code" pid=3268 comm="apparmor_parser"
Nov  2 15:52:23 cis106vm kernel: [  230.696796] audit: type=1400 audit(1667418743.776:73): apparmor="STATUS" operation="profile_load" profile="unconfined" name="snap.code.code" pid=3269 comm="apparmor_parser"
Nov  2 15:52:23 cis106vm kernel: [  230.701639] audit: type=1400 audit(1667418743.780:74): apparmor="STATUS" operation="profile_load" profile="unconfined" name="snap.code.url-handler" pid=3270 comm="apparmor_parser"
Nov  2 15:52:53 cis106vm kernel: [  260.874497] audit: type=1326 audit(1667418773.949:75): auid=1000 uid=1000 gid=1000 ses=3 subj=? pid=2690 comm="pool-org.gnome." exe="/snap/snap-store/582/usr/bin/snap-store" sig=0 arch=c000003e syscall=251 compat=0 ip=0x7f6a59e9373d code=0x50000
Nov  2 15:52:53 cis106vm kernel: [  260.874687] audit: type=1326 audit(1667418773.949:76): auid=1000 uid=1000 gid=1000 ses=3 subj=? pid=2690 comm="pool-org.gnome." exe="/snap/snap-store/582/usr/bin/snap-store" sig=0 arch=c000003e syscall=251 compat=0 ip=0x7f6a59e9373d code=0x50000
Nov  2 15:52:55 cis106vm kernel: [  262.046120] audit: type=1326 audit(1667418775.129:77): auid=1000 uid=1000 gid=1000 ses=3 subj=? pid=2690 comm="pool-org.gnome." exe="/snap/snap-store/582/usr/bin/snap-store" sig=0 arch=c000003e syscall=93 compat=0 ip=0x7f6a59e8a39b code=0x50000
Nov  2 15:54:17 cis106vm kernel: [  344.259212] audit: type=1400 audit(1667418857.414:78): apparmor="STATUS" operation="profile_replace" info="same as current profile, skipping" profile="unconfined" name="/usr/lib/NetworkManager/nm-dhcp-client.action" pid=18595 comm="apparmor_parser"
Nov  2 15:54:17 cis106vm kernel: [  344.261350] audit: type=1400 audit(1667418857.418:79): apparmor="STATUS" operation="profile_replace" info="same as current profile, skipping" profile="unconfined" name="/usr/lib/NetworkManager/nm-dhcp-helper" pid=18595 comm="apparmor_parser"
Nov  2 15:54:17 cis106vm kernel: [  344.263349] audit: type=1400 audit(1667418857.418:80): apparmor="STATUS" operation="profile_replace" info="same as current profile, skipping" profile="unconfined" name="/usr/lib/connman/scripts/dhclient-script" pid=18595 comm="apparmor_parser"
Nov  2 15:54:17 cis106vm kernel: [  344.266805] audit: type=1400 audit(1667418857.422:81): apparmor="STATUS" operation="profile_replace" info="same as current profile, skipping" profile="unconfined" name="/{,usr/}sbin/dhclient" pid=18595 comm="apparmor_parser"
Nov  2 15:54:39 cis106vm kernel: [  366.062015] audit: type=1400 audit(1667418879.196:82): apparmor="STATUS" operation="profile_replace" info="same as current profile, skipping" profile="unconfined" name="/usr/lib/snapd/snap-confine" pid=20006 comm="apparmor_parser"
Nov  2 15:54:39 cis106vm kernel: [  366.063349] audit: type=1400 audit(1667418879.200:83): apparmor="STATUS" operation="profile_replace" info="same as current profile, skipping" profile="unconfined" name="/usr/lib/snapd/snap-confine//mount-namespace-capture-helper" pid=20006 comm="apparmor_parser"
Nov  2 15:54:41 cis106vm kernel: [  367.918017] loop10: detected capacity change from 0 to 8
Nov  2 15:54:41 cis106vm kernel: [  368.623846] audit: type=1400 audit(1667418881.755:84): apparmor="STATUS" operation="profile_replace" profile="unconfined" name="/snap/snapd/16292/usr/lib/snapd/snap-confine" pid=20247 comm="apparmor_parser"
Nov  2 15:54:41 cis106vm kernel: [  368.639063] audit: type=1400 audit(1667418881.771:85): apparmor="STATUS" operation="profile_replace" profile="unconfined" name="/snap/snapd/16292/usr/lib/snapd/snap-confine//mount-namespace-capture-helper" pid=20247 comm="apparmor_parser"
Nov  2 15:54:41 cis106vm kernel: [  368.649141] audit: type=1400 audit(1667418881.779:86): apparmor="STATUS" operation="profile_replace" profile="unconfined" name="/snap/core/13886/usr/lib/snapd/snap-confine" pid=20249 comm="apparmor_parser"
Nov  2 15:54:41 cis106vm kernel: [  368.655111] audit: type=1400 audit(1667418881.787:87): apparmor="STATUS" operation="profile_replace" profile="unconfined" name="/snap/core/13886/usr/lib/snapd/snap-confine//mount-namespace-capture-helper" pid=20249 comm="apparmor_parser"
Nov  2 15:54:42 cis106vm kernel: [  369.368089] audit: type=1400 audit(1667418882.494:88): apparmor="STATUS" operation="profile_replace" profile="unconfined" name="snap-update-ns.firefox" pid=20251 comm="apparmor_parser"
Nov  2 15:54:43 cis106vm kernel: [  370.482007] audit: type=1400 audit(1667418883.608:89): apparmor="STATUS" operation="profile_replace" profile="unconfined" name="snap.firefox.firefox" pid=20252 comm="apparmor_parser"
Nov  2 15:54:44 cis106vm kernel: [  371.580092] audit: type=1400 audit(1667418884.706:90): apparmor="STATUS" operation="profile_replace" profile="unconfined" name="snap.firefox.geckodriver" pid=20253 comm="apparmor_parser"
Nov  2 15:54:44 cis106vm kernel: [  371.713428] audit: type=1400 audit(1667418884.838:91): apparmor="STATUS" operation="profile_replace" profile="unconfined" name="snap.firefox.hook.configure" pid=20254 comm="apparmor_parser"
Nov  2 15:54:44 cis106vm kernel: [  371.797934] audit: type=1400 audit(1667418884.922:92): apparmor="STATUS" operation="profile_replace" profile="unconfined" name="snap.core.hook.configure" pid=20255 comm="apparmor_parser"
Nov  2 15:54:45 cis106vm kernel: [  372.410438] audit: type=1400 audit(1667418885.533:93): apparmor="STATUS" operation="profile_replace" profile="unconfined" name="snap-update-ns.snap-store" pid=20256 comm="apparmor_parser"
Nov  2 15:54:45 cis106vm kernel: [  372.565235] audit: type=1400 audit(1667418885.689:94): apparmor="STATUS" operation="profile_replace" profile="unconfined" name="snap.snap-store.hook.configure" pid=20257 comm="apparmor_parser"
Nov  2 15:54:46 cis106vm kernel: [  372.929104] audit: type=1400 audit(1667418886.052:95): apparmor="STATUS" operation="profile_replace" profile="unconfined" name="snap.snap-store.snap-store" pid=20258 comm="apparmor_parser"
Nov  2 15:54:46 cis106vm kernel: [  373.305293] audit: type=1400 audit(1667418886.428:96): apparmor="STATUS" operation="profile_replace" profile="unconfined" name="snap.snap-store.ubuntu-software" pid=20259 comm="apparmor_parser"
Nov  2 15:54:46 cis106vm kernel: [  373.696586] audit: type=1400 audit(1667418886.819:97): apparmor="STATUS" operation="profile_replace" profile="unconfined" name="snap.snap-store.ubuntu-software-local-file" pid=20260 comm="apparmor_parser"
Nov  2 15:54:47 cis106vm kernel: [  374.389194] audit: type=1400 audit(1667418887.510:98): apparmor="STATUS" operation="profile_replace" info="same as current profile, skipping" profile="unconfined" name="snap-update-ns.snapd-desktop-integration" pid=20261 comm="apparmor_parser"
Nov  2 15:54:47 cis106vm kernel: [  374.522830] audit: type=1400 audit(1667418887.642:99): apparmor="STATUS" operation="profile_replace" profile="unconfined" name="snap.snapd-desktop-integration.hook.configure" pid=20262 comm="apparmor_parser"
Nov  2 15:54:48 cis106vm kernel: [  375.210974] loop10: detected capacity change from 0 to 8
Nov  2 15:55:48 cis106vm kernel: [    0.000000] Linux version 5.15.0-52-generic (buildd@lcy02-amd64-032) (gcc (Ubuntu 11.2.0-19ubuntu1) 11.2.0, GNU ld (GNU Binutils for Ubuntu) 2.38) #58-Ubuntu SMP Thu Oct 13 08:03:55 UTC 2022 (Ubuntu 5.15.0-52.58-generic 5.15.60)
Nov  2 15:55:48 cis106vm kernel: [    0.000000] Command line: BOOT_IMAGE=/boot/vmlinuz-5.15.0-52-generic root=UUID=943a573c-8d17-4f3b-8c29-96dbbaf38e3c ro quiet splash
Nov  2 15:55:48 cis106vm kernel: [    0.000000] KERNEL supported cpus:
Nov  2 15:55:48 cis106vm kernel: [    0.000000]   Intel GenuineIntel
Nov  2 15:55:48 cis106vm kernel: [    0.000000]   AMD AuthenticAMD
Nov  2 15:55:48 cis106vm kernel: [    0.000000]   Hygon HygonGenuine
Nov  2 15:55:48 cis106vm kernel: [    0.000000]   Centaur CentaurHauls
Nov  2 15:55:48 cis106vm kernel: [    0.000000]   zhaoxin   Shanghai  
Nov  2 15:55:48 cis106vm kernel: [    0.000000] x86/fpu: Supporting XSAVE feature 0x001: 'x87 floating point registers'
Nov  2 15:55:48 cis106vm kernel: [    0.000000] x86/fpu: Supporting XSAVE feature 0x002: 'SSE registers'
Nov  2 15:55:48 cis106vm kernel: [    0.000000] x86/fpu: Supporting XSAVE feature 0x004: 'AVX registers'
Nov  2 15:55:48 cis106vm kernel: [    0.000000] x86/fpu: xstate_offset[2]:  576, xstate_sizes[2]:  256
Nov  2 15:55:48 cis106vm kernel: [    0.000000] x86/fpu: Enabled xstate features 0x7, context size is 832 bytes, using 'standard' format.
Nov  2 15:55:48 cis106vm kernel: [    0.000000] signal: max sigframe size: 1776
Nov  2 15:55:48 cis106vm kernel: [    0.000000] BIOS-provided physical RAM map:
Nov  2 15:55:48 cis106vm kernel: [    0.000000] BIOS-e820: [mem 0x0000000000000000-0x000000000009fbff] usable
Nov  2 15:55:48 cis106vm kernel: [    0.000000] BIOS-e820: [mem 0x000000000009fc00-0x000000000009ffff] reserved
Nov  2 15:55:48 cis106vm kernel: [    0.000000] BIOS-e820: [mem 0x00000000000f0000-0x00000000000fffff] reserved
Nov  2 15:55:48 cis106vm kernel: [    0.000000] BIOS-e820: [mem 0x0000000000100000-0x000000007ffeffff] usable
Nov  2 15:55:48 cis106vm kernel: [    0.000000] BIOS-e820: [mem 0x000000007fff0000-0x000000007fffffff] ACPI data
Nov  2 15:55:48 cis106vm kernel: [    0.000000] BIOS-e820: [mem 0x00000000fec00000-0x00000000fec00fff] reserved
Nov  2 15:55:48 cis106vm kernel: [    0.000000] BIOS-e820: [mem 0x00000000fee00000-0x00000000fee00fff] reserved
Nov  2 15:55:48 cis106vm kernel: [    0.000000] BIOS-e820: [mem 0x00000000fffc0000-0x00000000ffffffff] reserved
Nov  2 15:55:48 cis106vm kernel: [    0.000000] NX (Execute Disable) protection: active
Nov  2 15:55:48 cis106vm kernel: [    0.000000] SMBIOS 2.5 present.
Nov  2 15:55:48 cis106vm kernel: [    0.000000] DMI: innotek GmbH VirtualBox/VirtualBox, BIOS VirtualBox 12/01/2006
Nov  2 15:55:48 cis106vm kernel: [    0.000000] Hypervisor detected: KVM
Nov  2 15:55:48 cis106vm kernel: [    0.000000] kvm-clock: Using msrs 4b564d01 and 4b564d00
Nov  2 15:55:48 cis106vm kernel: [    0.000000] kvm-clock: cpu 0, msr 75801001, primary cpu clock
Nov  2 15:55:48 cis106vm kernel: [    0.000003] kvm-clock: using sched offset of 4838779796 cycles
Nov  2 15:55:48 cis106vm kernel: [    0.000005] clocksource: kvm-clock: mask: 0xffffffffffffffff max_cycles: 0x1cd42e4dffb, max_idle_ns: 881590591483 ns
Nov  2 15:55:48 cis106vm kernel: [    0.000008] tsc: Detected 1497.598 MHz processor
Nov  2 15:55:48 cis106vm kernel: [    0.002011] e820: update [mem 0x00000000-0x00000fff] usable ==> reserved
Nov  2 15:55:48 cis106vm kernel: [    0.002017] e820: remove [mem 0x000a0000-0x000fffff] usable
Nov  2 15:55:48 cis106vm kernel: [    0.002024] last_pfn = 0x7fff0 max_arch_pfn = 0x400000000
Nov  2 15:55:48 cis106vm kernel: [    0.002041] Disabled
Nov  2 15:55:48 cis106vm kernel: [    0.002042] x86/PAT: MTRRs disabled, skipping PAT initialization too.
Nov  2 15:55:48 cis106vm kernel: [    0.002045] CPU MTRRs all blank - virtualized system.
Nov  2 15:55:48 cis106vm kernel: [    0.002047] x86/PAT: Configuration [0-7]: WB  WT  UC- UC  WB  WT  UC- UC  
Nov  2 15:55:48 cis106vm kernel: [    0.002138] found SMP MP-table at [mem 0x0009fff0-0x0009ffff]
Nov  2 15:55:48 cis106vm kernel: [    0.002318] RAMDISK: [mem 0x30729000-0x3438bfff]
Nov  2 15:55:48 cis106vm kernel: [    0.002325] ACPI: Early table checksum verification disabled
Nov  2 15:55:48 cis106vm kernel: [    0.002329] ACPI: RSDP 0x00000000000E0000 000024 (v02 VBOX  )
Nov  2 15:55:48 cis106vm kernel: [    0.002336] ACPI: XSDT 0x000000007FFF0030 00003C (v01 VBOX   VBOXXSDT 00000001 ASL  00000061)
Nov  2 15:55:48 cis106vm kernel: [    0.002343] ACPI: FACP 0x000000007FFF00F0 0000F4 (v04 VBOX   VBOXFACP 00000001 ASL  00000061)
Nov  2 15:55:48 cis106vm kernel: [    0.002350] ACPI: DSDT 0x000000007FFF0470 002325 (v02 VBOX   VBOXBIOS 00000002 INTL 20100528)
Nov  2 15:55:48 cis106vm kernel: [    0.002355] ACPI: FACS 0x000000007FFF0200 000040
Nov  2 15:55:48 cis106vm kernel: [    0.002359] ACPI: FACS 0x000000007FFF0200 000040
Nov  2 15:55:48 cis106vm kernel: [    0.002363] ACPI: APIC 0x000000007FFF0240 00005C (v02 VBOX   VBOXAPIC 00000001 ASL  00000061)
Nov  2 15:55:48 cis106vm kernel: [    0.002368] ACPI: SSDT 0x000000007FFF02A0 0001CC (v01 VBOX   VBOXCPUT 00000002 INTL 20100528)
Nov  2 15:55:48 cis106vm kernel: [    0.002371] ACPI: Reserving FACP table memory at [mem 0x7fff00f0-0x7fff01e3]
Nov  2 15:55:48 cis106vm kernel: [    0.002373] ACPI: Reserving DSDT table memory at [mem 0x7fff0470-0x7fff2794]
Nov  2 15:55:48 cis106vm kernel: [    0.002374] ACPI: Reserving FACS table memory at [mem 0x7fff0200-0x7fff023f]
Nov  2 15:55:48 cis106vm kernel: [    0.002375] ACPI: Reserving FACS table memory at [mem 0x7fff0200-0x7fff023f]
Nov  2 15:55:48 cis106vm kernel: [    0.002376] ACPI: Reserving APIC table memory at [mem 0x7fff0240-0x7fff029b]
Nov  2 15:55:48 cis106vm kernel: [    0.002377] ACPI: Reserving SSDT table memory at [mem 0x7fff02a0-0x7fff046b]
Nov  2 15:55:48 cis106vm kernel: [    0.002667] No NUMA configuration found
Nov  2 15:55:48 cis106vm kernel: [    0.002668] Faking a node at [mem 0x0000000000000000-0x000000007ffeffff]
Nov  2 15:55:48 cis106vm kernel: [    0.002676] NODE_DATA(0) allocated [mem 0x7ffc6000-0x7ffeffff]
Nov  2 15:55:48 cis106vm kernel: [    0.003034] Zone ranges:
Nov  2 15:55:48 cis106vm kernel: [    0.003036]   DMA      [mem 0x0000000000001000-0x0000000000ffffff]
Nov  2 15:55:48 cis106vm kernel: [    0.003040]   DMA32    [mem 0x0000000001000000-0x000000007ffeffff]
Nov  2 15:55:48 cis106vm kernel: [    0.003042]   Normal   empty
Nov  2 15:55:48 cis106vm kernel: [    0.003044]   Device   empty
Nov  2 15:55:48 cis106vm kernel: [    0.003045] Movable zone start for each node
Nov  2 15:55:48 cis106vm kernel: [    0.003048] Early memory node ranges
Nov  2 15:55:48 cis106vm kernel: [    0.003049]   node   0: [mem 0x0000000000001000-0x000000000009efff]
Nov  2 15:55:48 cis106vm kernel: [    0.003051]   node   0: [mem 0x0000000000100000-0x000000007ffeffff]
Nov  2 15:55:48 cis106vm kernel: [    0.003053] Initmem setup node 0 [mem 0x0000000000001000-0x000000007ffeffff]
Nov  2 15:55:48 cis106vm kernel: [    0.003060] On node 0, zone DMA: 1 pages in unavailable ranges
Nov  2 15:55:48 cis106vm kernel: [    0.003117] On node 0, zone DMA: 97 pages in unavailable ranges
Nov  2 15:55:48 cis106vm kernel: [    0.014376] On node 0, zone DMA32: 16 pages in unavailable ranges
Nov  2 15:55:48 cis106vm kernel: [    0.014727] ACPI: PM-Timer IO Port: 0x4008
Nov  2 15:55:48 cis106vm kernel: [    0.014783] IOAPIC[0]: apic_id 2, version 32, address 0xfec00000, GSI 0-23
Nov  2 15:55:48 cis106vm kernel: [    0.014787] ACPI: INT_SRC_OVR (bus 0 bus_irq 0 global_irq 2 dfl dfl)
Nov  2 15:55:48 cis106vm kernel: [    0.014788] ACPI: INT_SRC_OVR (bus 0 bus_irq 9 global_irq 9 low level)
Nov  2 15:55:48 cis106vm kernel: [    0.014792] ACPI: Using ACPI (MADT) for SMP configuration information
Nov  2 15:55:48 cis106vm kernel: [    0.014798] smpboot: Allowing 2 CPUs, 0 hotplug CPUs
Nov  2 15:55:48 cis106vm kernel: [    0.014817] PM: hibernation: Registered nosave memory: [mem 0x00000000-0x00000fff]
Nov  2 15:55:48 cis106vm kernel: [    0.014818] PM: hibernation: Registered nosave memory: [mem 0x0009f000-0x0009ffff]
Nov  2 15:55:48 cis106vm kernel: [    0.014819] PM: hibernation: Registered nosave memory: [mem 0x000a0000-0x000effff]
Nov  2 15:55:48 cis106vm kernel: [    0.014820] PM: hibernation: Registered nosave memory: [mem 0x000f0000-0x000fffff]
Nov  2 15:55:48 cis106vm kernel: [    0.014821] [mem 0x80000000-0xfebfffff] available for PCI devices
Nov  2 15:55:48 cis106vm kernel: [    0.014822] Booting paravirtualized kernel on KVM
Nov  2 15:55:48 cis106vm kernel: [    0.014825] clocksource: refined-jiffies: mask: 0xffffffff max_cycles: 0xffffffff, max_idle_ns: 7645519600211568 ns
Nov  2 15:55:48 cis106vm kernel: [    0.014830] setup_percpu: NR_CPUS:8192 nr_cpumask_bits:2 nr_cpu_ids:2 nr_node_ids:1
Nov  2 15:55:48 cis106vm kernel: [    0.014964] percpu: Embedded 60 pages/cpu s208896 r8192 d28672 u1048576
Nov  2 15:55:48 cis106vm kernel: [    0.014972] pcpu-alloc: s208896 r8192 d28672 u1048576 alloc=1*2097152
Nov  2 15:55:48 cis106vm kernel: [    0.014975] pcpu-alloc: [0] 0 1 
Nov  2 15:55:48 cis106vm kernel: [    0.014994] kvm-guest: PV spinlocks enabled
Nov  2 15:55:48 cis106vm kernel: [    0.014996] PV qspinlock hash table entries: 256 (order: 0, 4096 bytes, linear)
Nov  2 15:55:48 cis106vm kernel: [    0.015006] Built 1 zonelists, mobility grouping on.  Total pages: 515824
Nov  2 15:55:48 cis106vm kernel: [    0.015008] Policy zone: DMA32
Nov  2 15:55:48 cis106vm kernel: [    0.015009] Kernel command line: BOOT_IMAGE=/boot/vmlinuz-5.15.0-52-generic root=UUID=943a573c-8d17-4f3b-8c29-96dbbaf38e3c ro quiet splash
Nov  2 15:55:48 cis106vm kernel: [    0.015061] Unknown kernel command line parameters "splash BOOT_IMAGE=/boot/vmlinuz-5.15.0-52-generic", will be passed to user space.
Nov  2 15:55:48 cis106vm kernel: [    0.015721] Dentry cache hash table entries: 262144 (order: 9, 2097152 bytes, linear)
Nov  2 15:55:48 cis106vm kernel: [    0.015787] Inode-cache hash table entries: 131072 (order: 8, 1048576 bytes, linear)
Nov  2 15:55:48 cis106vm kernel: [    0.015837] mem auto-init: stack:off, heap alloc:on, heap free:off
Nov  2 15:55:48 cis106vm kernel: [    0.021355] Memory: 1952300K/2096696K available (16393K kernel code, 4378K rwdata, 10812K rodata, 3228K init, 6572K bss, 144136K reserved, 0K cma-reserved)
Nov  2 15:55:48 cis106vm kernel: [    0.021967] SLUB: HWalign=64, Order=0-3, MinObjects=0, CPUs=2, Nodes=1
Nov  2 15:55:48 cis106vm kernel: [    0.022003] ftrace: allocating 50499 entries in 198 pages
Nov  2 15:55:48 cis106vm kernel: [    0.048887] ftrace: allocated 198 pages with 4 groups
Nov  2 15:55:48 cis106vm kernel: [    0.049002] rcu: Hierarchical RCU implementation.
Nov  2 15:55:48 cis106vm kernel: [    0.049004] rcu: 	RCU restricting CPUs from NR_CPUS=8192 to nr_cpu_ids=2.
Nov  2 15:55:48 cis106vm kernel: [    0.049005] 	Rude variant of Tasks RCU enabled.
Nov  2 15:55:48 cis106vm kernel: [    0.049005] 	Tracing variant of Tasks RCU enabled.
Nov  2 15:55:48 cis106vm kernel: [    0.049006] rcu: RCU calculated value of scheduler-enlistment delay is 25 jiffies.
Nov  2 15:55:48 cis106vm kernel: [    0.049007] rcu: Adjusting geometry for rcu_fanout_leaf=16, nr_cpu_ids=2
Nov  2 15:55:48 cis106vm kernel: [    0.052738] NR_IRQS: 524544, nr_irqs: 440, preallocated irqs: 16
Nov  2 15:55:48 cis106vm kernel: [    0.052915] random: crng init done
Nov  2 15:55:48 cis106vm kernel: [    0.062246] Console: colour VGA+ 80x25
Nov  2 15:55:48 cis106vm kernel: [    0.062258] printk: console [tty0] enabled
Nov  2 15:55:48 cis106vm kernel: [    0.062291] ACPI: Core revision 20210730
Nov  2 15:55:48 cis106vm kernel: [    0.062394] APIC: Switch to symmetric I/O mode setup
Nov  2 15:55:48 cis106vm kernel: [    0.062587] x2apic enabled
Nov  2 15:55:48 cis106vm kernel: [    0.062766] Switched APIC routing to physical x2apic.
Nov  2 15:55:48 cis106vm kernel: [    0.063589] ..TIMER: vector=0x30 apic1=0 pin1=2 apic2=-1 pin2=-1
Nov  2 15:55:48 cis106vm kernel: [    0.063608] clocksource: tsc-early: mask: 0xffffffffffffffff max_cycles: 0x159645923e7, max_idle_ns: 440795241955 ns
Nov  2 15:55:48 cis106vm kernel: [    0.063616] Calibrating delay loop (skipped) preset value.. 2995.19 BogoMIPS (lpj=5990392)
Nov  2 15:55:48 cis106vm kernel: [    0.063618] pid_max: default: 32768 minimum: 301
Nov  2 15:55:48 cis106vm kernel: [    0.063636] LSM: Security Framework initializing
Nov  2 15:55:48 cis106vm kernel: [    0.063644] landlock: Up and running.
Nov  2 15:55:48 cis106vm kernel: [    0.063645] Yama: becoming mindful.
Nov  2 15:55:48 cis106vm kernel: [    0.063664] AppArmor: AppArmor initialized
Nov  2 15:55:48 cis106vm kernel: [    0.063690] Mount-cache hash table entries: 4096 (order: 3, 32768 bytes, linear)
Nov  2 15:55:48 cis106vm kernel: [    0.063694] Mountpoint-cache hash table entries: 4096 (order: 3, 32768 bytes, linear)
Nov  2 15:55:48 cis106vm kernel: [    0.064000] Last level iTLB entries: 4KB 0, 2MB 0, 4MB 0
Nov  2 15:55:48 cis106vm kernel: [    0.064002] Last level dTLB entries: 4KB 0, 2MB 0, 4MB 0, 1GB 0
Nov  2 15:55:48 cis106vm kernel: [    0.064007] Spectre V1 : Mitigation: usercopy/swapgs barriers and __user pointer sanitization
Nov  2 15:55:48 cis106vm kernel: [    0.064008] Spectre V2 : Mitigation: Retpolines
Nov  2 15:55:48 cis106vm kernel: [    0.064009] Spectre V2 : Spectre v2 / SpectreRSB mitigation: Filling RSB on context switch
Nov  2 15:55:48 cis106vm kernel: [    0.064010] Spectre V2 : Spectre v2 / SpectreRSB : Filling RSB on VMEXIT
Nov  2 15:55:48 cis106vm kernel: [    0.064010] RETBleed: WARNING: Spectre v2 mitigation leaves CPU vulnerable to RETBleed attacks, data leaks possible!
Nov  2 15:55:48 cis106vm kernel: [    0.064306] RETBleed: Vulnerable
Nov  2 15:55:48 cis106vm kernel: [    0.064307] Speculative Store Bypass: Vulnerable
Nov  2 15:55:48 cis106vm kernel: [    0.064311] MMIO Stale Data: Vulnerable: Clear CPU buffers attempted, no microcode
Nov  2 15:55:48 cis106vm kernel: [    0.064313] SRBDS: Unknown: Dependent on hypervisor status
Nov  2 15:55:48 cis106vm kernel: [    0.083815] Freeing SMP alternatives memory: 40K
Nov  2 15:55:48 cis106vm kernel: [    0.192228] smpboot: CPU0: Intel(R) Core(TM) i7-1065G7 CPU @ 1.30GHz (family: 0x6, model: 0x7e, stepping: 0x5)
Nov  2 15:55:48 cis106vm kernel: [    0.192762] Performance Events: unsupported p6 CPU model 126 no PMU driver, software events only.
Nov  2 15:55:48 cis106vm kernel: [    0.192848] rcu: Hierarchical SRCU implementation.
Nov  2 15:55:48 cis106vm kernel: [    0.193611] NMI watchdog: Perf NMI watchdog permanently disabled
Nov  2 15:55:48 cis106vm kernel: [    0.193684] smp: Bringing up secondary CPUs ...
Nov  2 15:55:48 cis106vm kernel: [    0.193929] x86: Booting SMP configuration:
Nov  2 15:55:48 cis106vm kernel: [    0.193930] .... node  #0, CPUs:      #1
Nov  2 15:55:48 cis106vm kernel: [    0.014707] kvm-clock: cpu 1, msr 75801041, secondary cpu clock
Nov  2 15:55:48 cis106vm kernel: [    0.195658] smp: Brought up 1 node, 2 CPUs
Nov  2 15:55:48 cis106vm kernel: [    0.195658] smpboot: Max logical packages: 1
Nov  2 15:55:48 cis106vm kernel: [    0.195658] smpboot: Total of 2 processors activated (5990.39 BogoMIPS)
Nov  2 15:55:48 cis106vm kernel: [    0.196216] devtmpfs: initialized
Nov  2 15:55:48 cis106vm kernel: [    0.196216] x86/mm: Memory block size: 128MB
Nov  2 15:55:48 cis106vm kernel: [    0.196216] clocksource: jiffies: mask: 0xffffffff max_cycles: 0xffffffff, max_idle_ns: 7645041785100000 ns
Nov  2 15:55:48 cis106vm kernel: [    0.196216] futex hash table entries: 512 (order: 3, 32768 bytes, linear)
Nov  2 15:55:48 cis106vm kernel: [    0.196216] pinctrl core: initialized pinctrl subsystem
Nov  2 15:55:48 cis106vm kernel: [    0.196216] PM: RTC time: 19:55:45, date: 2022-11-02
Nov  2 15:55:48 cis106vm kernel: [    0.196216] NET: Registered PF_NETLINK/PF_ROUTE protocol family
Nov  2 15:55:48 cis106vm kernel: [    0.196216] DMA: preallocated 256 KiB GFP_KERNEL pool for atomic allocations
Nov  2 15:55:48 cis106vm kernel: [    0.196216] DMA: preallocated 256 KiB GFP_KERNEL|GFP_DMA pool for atomic allocations
Nov  2 15:55:48 cis106vm kernel: [    0.196216] DMA: preallocated 256 KiB GFP_KERNEL|GFP_DMA32 pool for atomic allocations
Nov  2 15:55:48 cis106vm kernel: [    0.196216] audit: initializing netlink subsys (disabled)
Nov  2 15:55:48 cis106vm kernel: [    0.196216] audit: type=2000 audit(1667418722.551:1): state=initialized audit_enabled=0 res=1
Nov  2 15:55:48 cis106vm kernel: [    0.196216] thermal_sys: Registered thermal governor 'fair_share'
Nov  2 15:55:48 cis106vm kernel: [    0.196216] thermal_sys: Registered thermal governor 'bang_bang'
Nov  2 15:55:48 cis106vm kernel: [    0.196216] thermal_sys: Registered thermal governor 'step_wise'
Nov  2 15:55:48 cis106vm kernel: [    0.196216] thermal_sys: Registered thermal governor 'user_space'
Nov  2 15:55:48 cis106vm kernel: [    0.196216] thermal_sys: Registered thermal governor 'power_allocator'
Nov  2 15:55:48 cis106vm kernel: [    0.196216] EISA bus registered
Nov  2 15:55:48 cis106vm kernel: [    0.196216] cpuidle: using governor ladder
Nov  2 15:55:48 cis106vm kernel: [    0.196216] cpuidle: using governor menu
Nov  2 15:55:48 cis106vm kernel: [    0.196216] ACPI: bus type PCI registered
Nov  2 15:55:48 cis106vm kernel: [    0.196216] acpiphp: ACPI Hot Plug PCI Controller Driver version: 0.5
Nov  2 15:55:48 cis106vm kernel: [    0.196216] PCI: Using configuration type 1 for base access
Nov  2 15:55:48 cis106vm kernel: [    0.197410] Kprobes globally optimized
Nov  2 15:55:48 cis106vm kernel: [    0.197438] HugeTLB registered 2.00 MiB page size, pre-allocated 0 pages
Nov  2 15:55:48 cis106vm kernel: [    0.199774] ACPI: Added _OSI(Module Device)
Nov  2 15:55:48 cis106vm kernel: [    0.199774] ACPI: Added _OSI(Processor Device)
Nov  2 15:55:48 cis106vm kernel: [    0.199774] ACPI: Added _OSI(3.0 _SCP Extensions)
Nov  2 15:55:48 cis106vm kernel: [    0.199774] ACPI: Added _OSI(Processor Aggregator Device)
Nov  2 15:55:48 cis106vm kernel: [    0.199774] ACPI: Added _OSI(Linux-Dell-Video)
Nov  2 15:55:48 cis106vm kernel: [    0.199774] ACPI: Added _OSI(Linux-Lenovo-NV-HDMI-Audio)
Nov  2 15:55:48 cis106vm kernel: [    0.199774] ACPI: Added _OSI(Linux-HPI-Hybrid-Graphics)
Nov  2 15:55:48 cis106vm kernel: [    0.204941] ACPI: 2 ACPI AML tables successfully acquired and loaded
Nov  2 15:55:48 cis106vm kernel: [    0.206238] ACPI: Interpreter enabled
Nov  2 15:55:48 cis106vm kernel: [    0.206246] ACPI: PM: (supports S0 S5)
Nov  2 15:55:48 cis106vm kernel: [    0.206247] ACPI: Using IOAPIC for interrupt routing
Nov  2 15:55:48 cis106vm kernel: [    0.206406] PCI: Using host bridge windows from ACPI; if necessary, use "pci=nocrs" and report a bug
Nov  2 15:55:48 cis106vm kernel: [    0.206407] PCI: Using E820 reservations for host bridge windows
Nov  2 15:55:48 cis106vm kernel: [    0.206488] ACPI: Enabled 2 GPEs in block 00 to 07
Nov  2 15:55:48 cis106vm kernel: [    0.213040] ACPI: PCI Root Bridge [PCI0] (domain 0000 [bus 00-ff])
Nov  2 15:55:48 cis106vm kernel: [    0.213047] acpi PNP0A03:00: _OSC: OS supports [ASPM ClockPM Segments MSI EDR HPX-Type3]
Nov  2 15:55:48 cis106vm kernel: [    0.213394] acpi PNP0A03:00: _OSC: not requesting OS control; OS requires [ExtendedConfig ASPM ClockPM MSI]
Nov  2 15:55:48 cis106vm kernel: [    0.213400] acpi PNP0A03:00: fail to add MMCONFIG information, can't access extended PCI configuration space under this bridge.
Nov  2 15:55:48 cis106vm kernel: [    0.213674] PCI host bridge to bus 0000:00
Nov  2 15:55:48 cis106vm kernel: [    0.213676] pci_bus 0000:00: root bus resource [bus 00-ff]
Nov  2 15:55:48 cis106vm kernel: [    0.213678] pci_bus 0000:00: root bus resource [io  0x0000-0x0cf7 window]
Nov  2 15:55:48 cis106vm kernel: [    0.213679] pci_bus 0000:00: root bus resource [io  0x0d00-0xffff window]
Nov  2 15:55:48 cis106vm kernel: [    0.213680] pci_bus 0000:00: root bus resource [mem 0x000a0000-0x000bffff window]
Nov  2 15:55:48 cis106vm kernel: [    0.213681] pci_bus 0000:00: root bus resource [mem 0x80000000-0xfdffffff window]
Nov  2 15:55:48 cis106vm kernel: [    0.213961] pci 0000:00:00.0: [8086:1237] type 00 class 0x060000
Nov  2 15:55:48 cis106vm kernel: [    0.214828] pci 0000:00:01.0: [8086:7000] type 00 class 0x060100
Nov  2 15:55:48 cis106vm kernel: [    0.215399] pci 0000:00:01.1: [8086:7111] type 00 class 0x01018a
Nov  2 15:55:48 cis106vm kernel: [    0.215651] pci 0000:00:01.1: reg 0x20: [io  0xd000-0xd00f]
Nov  2 15:55:48 cis106vm kernel: [    0.215775] pci 0000:00:01.1: legacy IDE quirk: reg 0x10: [io  0x01f0-0x01f7]
Nov  2 15:55:48 cis106vm kernel: [    0.215777] pci 0000:00:01.1: legacy IDE quirk: reg 0x14: [io  0x03f6]
Nov  2 15:55:48 cis106vm kernel: [    0.215777] pci 0000:00:01.1: legacy IDE quirk: reg 0x18: [io  0x0170-0x0177]
Nov  2 15:55:48 cis106vm kernel: [    0.215778] pci 0000:00:01.1: legacy IDE quirk: reg 0x1c: [io  0x0376]
Nov  2 15:55:48 cis106vm kernel: [    0.216351] pci 0000:00:02.0: [15ad:0405] type 00 class 0x030000
Nov  2 15:55:48 cis106vm kernel: [    0.218680] pci 0000:00:02.0: reg 0x10: [io  0xd010-0xd01f]
Nov  2 15:55:48 cis106vm kernel: [    0.220610] pci 0000:00:02.0: reg 0x14: [mem 0xe0000000-0xe7ffffff pref]
Nov  2 15:55:48 cis106vm kernel: [    0.223123] pci 0000:00:02.0: reg 0x18: [mem 0xf0000000-0xf01fffff]
Nov  2 15:55:48 cis106vm kernel: [    0.233230] pci 0000:00:02.0: Video device with shadowed ROM at [mem 0x000c0000-0x000dffff]
Nov  2 15:55:48 cis106vm kernel: [    0.233827] pci 0000:00:03.0: [8086:100e] type 00 class 0x020000
Nov  2 15:55:48 cis106vm kernel: [    0.234800] pci 0000:00:03.0: reg 0x10: [mem 0xf0200000-0xf021ffff]
Nov  2 15:55:48 cis106vm kernel: [    0.236682] pci 0000:00:03.0: reg 0x18: [io  0xd020-0xd027]
Nov  2 15:55:48 cis106vm kernel: [    0.241219] pci 0000:00:04.0: [80ee:cafe] type 00 class 0x088000
Nov  2 15:55:48 cis106vm kernel: [    0.243799] pci 0000:00:04.0: reg 0x10: [io  0xd040-0xd05f]
Nov  2 15:55:48 cis106vm kernel: [    0.245023] pci 0000:00:04.0: reg 0x14: [mem 0xf0400000-0xf07fffff]
Nov  2 15:55:48 cis106vm kernel: [    0.246557] pci 0000:00:04.0: reg 0x18: [mem 0xf0800000-0xf0803fff pref]
Nov  2 15:55:48 cis106vm kernel: [    0.255677] pci 0000:00:05.0: [8086:2415] type 00 class 0x040100
Nov  2 15:55:48 cis106vm kernel: [    0.255862] pci 0000:00:05.0: reg 0x10: [io  0xd100-0xd1ff]
Nov  2 15:55:48 cis106vm kernel: [    0.255930] pci 0000:00:05.0: reg 0x14: [io  0xd200-0xd23f]
Nov  2 15:55:48 cis106vm kernel: [    0.257373] pci 0000:00:06.0: [106b:003f] type 00 class 0x0c0310
Nov  2 15:55:48 cis106vm kernel: [    0.259650] pci 0000:00:06.0: reg 0x10: [mem 0xf0804000-0xf0804fff]
Nov  2 15:55:48 cis106vm kernel: [    0.268444] pci 0000:00:07.0: [8086:7113] type 00 class 0x068000
Nov  2 15:55:48 cis106vm kernel: [    0.268742] pci 0000:00:07.0: quirk: [io  0x4000-0x403f] claimed by PIIX4 ACPI
Nov  2 15:55:48 cis106vm kernel: [    0.268751] pci 0000:00:07.0: quirk: [io  0x4100-0x410f] claimed by PIIX4 SMB
Nov  2 15:55:48 cis106vm kernel: [    0.270513] pci 0000:00:0d.0: [8086:2829] type 00 class 0x010601
Nov  2 15:55:48 cis106vm kernel: [    0.271800] pci 0000:00:0d.0: reg 0x10: [io  0xd240-0xd247]
Nov  2 15:55:48 cis106vm kernel: [    0.272798] pci 0000:00:0d.0: reg 0x14: [io  0xd248-0xd24b]
Nov  2 15:55:48 cis106vm kernel: [    0.273505] pci 0000:00:0d.0: reg 0x18: [io  0xd250-0xd257]
Nov  2 15:55:48 cis106vm kernel: [    0.275976] pci 0000:00:0d.0: reg 0x1c: [io  0xd258-0xd25b]
Nov  2 15:55:48 cis106vm kernel: [    0.276988] pci 0000:00:0d.0: reg 0x20: [io  0xd260-0xd26f]
Nov  2 15:55:48 cis106vm kernel: [    0.277885] pci 0000:00:0d.0: reg 0x24: [mem 0xf0806000-0xf0807fff]
Nov  2 15:55:48 cis106vm kernel: [    0.285925] ACPI: PCI: Interrupt link LNKA configured for IRQ 11
Nov  2 15:55:48 cis106vm kernel: [    0.286141] ACPI: PCI: Interrupt link LNKB configured for IRQ 10
Nov  2 15:55:48 cis106vm kernel: [    0.286216] ACPI: PCI: Interrupt link LNKC configured for IRQ 9
Nov  2 15:55:48 cis106vm kernel: [    0.286289] ACPI: PCI: Interrupt link LNKD configured for IRQ 11
Nov  2 15:55:48 cis106vm kernel: [    0.286505] iommu: Default domain type: Translated 
Nov  2 15:55:48 cis106vm kernel: [    0.286505] iommu: DMA domain TLB invalidation policy: lazy mode 
Nov  2 15:55:48 cis106vm kernel: [    0.286505] SCSI subsystem initialized
Nov  2 15:55:48 cis106vm kernel: [    0.286505] libata version 3.00 loaded.
Nov  2 15:55:48 cis106vm kernel: [    0.286505] pci 0000:00:02.0: vgaarb: setting as boot VGA device
